nohup: ignoring input
phoenix-srun: job 4931560 queued and waiting for resources
phoenix-srun: job 4931560 has been allocated resources
phoenix-srun: Job 4931560 scheduled successfully!
Current QUOTA_TYPE is [reserved], which means the job has occupied quota in RESERVED_TOTAL under your partition.
Current PHX_PRIORITY is normal

Loading checkpoint shards:   0%|          | 0/4 [00:00<?, ?it/s]Loading checkpoint shards:  25%|██▌       | 1/4 [00:01<00:04,  1.42s/it]Loading checkpoint shards:  50%|█████     | 2/4 [00:02<00:02,  1.49s/it]Loading checkpoint shards:  75%|███████▌  | 3/4 [00:04<00:01,  1.51s/it]Loading checkpoint shards: 100%|██████████| 4/4 [00:04<00:00,  1.08s/it]Loading checkpoint shards: 100%|██████████| 4/4 [00:04<00:00,  1.23s/it]
======================================== Config ========================================
lora: 
    enable: false,
    r: 8,
    a: 16,
    dropout: 0
========================================================================================
[33mcorpus: [39;49;00m[32m[Kdata/slimpajama/arxiv.json:	1000/1000[39;49;00m
[33mBase GPU memory allocated:[39;49;00m[32m15316 MB[39;49;00m
/mnt/petrelfs/lijie/miniconda3/envs/llava/lib/python3.10/site-packages/torch/nn/_reduction.py:42: UserWarning: size_average and reduce args will be deprecated, please use reduction='none' instead.
  warnings.warn(warning.format(ret))
step-1     | loss: 1.172 | avg time: 3.356 | max memory: 31228.685 | seq len:       7169
step-2     | loss: 1.555 | avg time: 2.174 | max memory: 31228.685 | seq len:       6937
step-3     | loss: 1.586 | avg time: 2.174 | max memory: 31228.685 | seq len:       7304
step-4     | loss: 8.125 | avg time: 1.972 | max memory: 31228.685 | seq len:       6986
step-5     | loss: 7.844 | avg time: 1.972 | max memory: 31228.685 | seq len:       7720
step-6     | loss: 40.000 | avg time: 1.972 | max memory: 31228.685 | seq len:       7446
step-7     | loss: 50.500 | avg time: 1.972 | max memory: 31228.685 | seq len:       7466
step-8     | loss: 11.750 | avg time: 1.972 | max memory: 31228.685 | seq len:       7767
step-9     | loss: 12.938 | avg time: 1.792 | max memory: 31228.685 | seq len:       7519
step-10    | loss: 22.125 | avg time: 1.792 | max memory: 31228.685 | seq len:       7356
step-11    | loss: 14.625 | avg time: 1.792 | max memory: 31228.685 | seq len:       7227
step-12    | loss: 16.750 | avg time: 1.792 | max memory: 31228.685 | seq len:       7239
step-13    | loss: 17.500 | avg time: 1.792 | max memory: 31228.685 | seq len:       7337
step-14    | loss: 21.375 | avg time: 0.182 | max memory: 31228.685 | seq len:       6828
step-15    | loss: 14.688 | avg time: 0.182 | max memory: 31228.685 | seq len:       6928
step-16    | loss: 18.375 | avg time: 0.182 | max memory: 31228.685 | seq len:       6958
step-17    | loss: 16.875 | avg time: 0.182 | max memory: 31228.685 | seq len:       7007
step-18    | loss: 14.188 | avg time: 0.182 | max memory: 31228.685 | seq len:       6970
step-19    | loss: 10.750 | avg time: 0.182 | max memory: 31228.685 | seq len:       7057
step-20    | loss: 13.125 | avg time: 0.182 | max memory: 31228.685 | seq len:       7026
step-21    | loss: 12.375 | avg time: 0.182 | max memory: 31228.685 | seq len:       7104
step-22    | loss: 10.875 | avg time: 0.182 | max memory: 31228.685 | seq len:       7113
step-23    | loss: 10.688 | avg time: 0.182 | max memory: 31228.685 | seq len:       7110
step-24    | loss: 11.812 | avg time: 0.182 | max memory: 31228.685 | seq len:       7198
step-25    | loss: 11.250 | avg time: 0.182 | max memory: 31228.685 | seq len:       7146
step-26    | loss: 10.125 | avg time: 0.182 | max memory: 31228.685 | seq len:       7163
step-27    | loss: 10.875 | avg time: 0.182 | max memory: 31228.685 | seq len:       7118
step-28    | loss: 10.625 | avg time: 0.182 | max memory: 31228.685 | seq len:       7066
step-29    | loss: 10.250 | avg time: 0.182 | max memory: 31228.685 | seq len:       7127
step-30    | loss: 11.312 | avg time: 0.182 | max memory: 31228.685 | seq len:       7091
step-31    | loss: 9.812 | avg time: 0.182 | max memory: 31228.685 | seq len:       7161
step-32    | loss: 9.938 | avg time: 0.182 | max memory: 31228.685 | seq len:       7131
step-33    | loss: 8.938 | avg time: 0.182 | max memory: 31228.685 | seq len:       7202
step-34    | loss: 9.625 | avg time: 0.182 | max memory: 31228.685 | seq len:       7215
step-35    | loss: 9.938 | avg time: 0.182 | max memory: 31228.685 | seq len:       7207
step-36    | loss: 9.625 | avg time: 0.182 | max memory: 31228.685 | seq len:       7188
step-37    | loss: 8.875 | avg time: 0.182 | max memory: 31228.685 | seq len:       7252
step-38    | loss: 10.000 | avg time: 0.182 | max memory: 31228.685 | seq len:       7206
step-39    | loss: 9.000 | avg time: 0.182 | max memory: 31228.685 | seq len:       7200
step-40    | loss: 8.938 | avg time: 0.182 | max memory: 31228.685 | seq len:       7215
step-41    | loss: 9.125 | avg time: 0.182 | max memory: 31228.685 | seq len:       7220
step-42    | loss: 8.938 | avg time: 0.182 | max memory: 31228.685 | seq len:       7206
step-43    | loss: 9.250 | avg time: 0.182 | max memory: 31228.685 | seq len:       7213
step-44    | loss: 10.500 | avg time: 0.182 | max memory: 31228.685 | seq len:       7237
step-45    | loss: 9.625 | avg time: 0.182 | max memory: 31228.685 | seq len:       7203
step-46    | loss: 8.875 | avg time: 0.182 | max memory: 31228.685 | seq len:       7196
step-47    | loss: 9.250 | avg time: 0.182 | max memory: 31228.685 | seq len:       7199
step-48    | loss: 10.000 | avg time: 0.182 | max memory: 31228.685 | seq len:       7226
step-49    | loss: 8.688 | avg time: 0.182 | max memory: 31228.685 | seq len:       7269
step-50    | loss: 8.938 | avg time: 0.182 | max memory: 31228.685 | seq len:       7276
step-51    | loss: 8.625 | avg time: 0.182 | max memory: 31228.685 | seq len:       7287
step-52    | loss: 8.750 | avg time: 0.182 | max memory: 31228.685 | seq len:       7274
step-53    | loss: 9.188 | avg time: 0.182 | max memory: 31228.685 | seq len:       7239
step-54    | loss: 8.812 | avg time: 0.182 | max memory: 31228.685 | seq len:       7223
step-55    | loss: 8.812 | avg time: 0.182 | max memory: 31228.685 | seq len:       7211
step-56    | loss: 9.188 | avg time: 0.182 | max memory: 31228.685 | seq len:       7232
step-57    | loss: 8.625 | avg time: 0.182 | max memory: 31228.685 | seq len:       7245
step-58    | loss: 8.875 | avg time: 0.182 | max memory: 31228.685 | seq len:       7226
step-59    | loss: 9.375 | avg time: 0.182 | max memory: 31228.685 | seq len:       7189
step-60    | loss: 8.562 | avg time: 0.182 | max memory: 31228.685 | seq len:       7186
step-61    | loss: 8.125 | avg time: 0.182 | max memory: 31228.685 | seq len:       7189
step-62    | loss: 8.438 | avg time: 0.182 | max memory: 31228.685 | seq len:       7196
step-63    | loss: 7.969 | avg time: 0.182 | max memory: 31228.685 | seq len:       7206
step-64    | loss: 8.750 | avg time: 0.182 | max memory: 31228.685 | seq len:       7204
step-65    | loss: 8.812 | avg time: 0.182 | max memory: 31228.685 | seq len:       7193
step-66    | loss: 8.188 | avg time: 0.182 | max memory: 31228.685 | seq len:       7196
step-67    | loss: 8.250 | avg time: 0.182 | max memory: 31228.685 | seq len:       7189
step-68    | loss: 8.812 | avg time: 0.182 | max memory: 31228.685 | seq len:       7173
step-69    | loss: 8.062 | avg time: 0.182 | max memory: 31228.685 | seq len:       7165
step-70    | loss: 8.125 | avg time: 0.182 | max memory: 31228.685 | seq len:       7189
step-71    | loss: 7.562 | avg time: 0.182 | max memory: 31228.685 | seq len:       7213
step-72    | loss: 7.938 | avg time: 0.182 | max memory: 31228.685 | seq len:       7228
step-73    | loss: 8.438 | avg time: 0.182 | max memory: 31228.685 | seq len:       7235
step-74    | loss: 7.844 | avg time: 0.182 | max memory: 31228.685 | seq len:       7248
step-75    | loss: 8.125 | avg time: 0.182 | max memory: 31228.685 | seq len:       7245
step-76    | loss: 8.500 | avg time: 0.182 | max memory: 31228.685 | seq len:       7239
step-77    | loss: 8.875 | avg time: 0.182 | max memory: 31228.685 | seq len:       7217
step-78    | loss: 8.500 | avg time: 0.182 | max memory: 31228.685 | seq len:       7176
step-79    | loss: 8.938 | avg time: 0.182 | max memory: 31228.685 | seq len:       7155
step-80    | loss: 7.656 | avg time: 0.182 | max memory: 31228.685 | seq len:       7174
step-81    | loss: 7.719 | avg time: 0.182 | max memory: 31228.685 | seq len:       7188
step-82    | loss: 8.688 | avg time: 0.182 | max memory: 31228.685 | seq len:       7191
step-83    | loss: 8.062 | avg time: 0.182 | max memory: 31228.685 | seq len:       7202
step-84    | loss: 8.000 | avg time: 0.182 | max memory: 31228.685 | seq len:       7214
step-85    | loss: 8.562 | avg time: 0.182 | max memory: 31228.685 | seq len:       7206
step-86    | loss: 8.625 | avg time: 0.182 | max memory: 31228.685 | seq len:       7187
step-87    | loss: 10.312 | avg time: 0.182 | max memory: 31228.685 | seq len:       7106
step-88    | loss: 8.688 | avg time: 0.182 | max memory: 31228.685 | seq len:       7100
step-89    | loss: 8.938 | avg time: 0.182 | max memory: 31228.685 | seq len:       7082
step-90    | loss: 8.250 | avg time: 0.182 | max memory: 31228.685 | seq len:       7075
step-91    | loss: 8.562 | avg time: 0.182 | max memory: 31228.685 | seq len:       7065
step-92    | loss: 8.250 | avg time: 0.182 | max memory: 31228.685 | seq len:       7076
step-93    | loss: 8.125 | avg time: 0.182 | max memory: 31228.685 | seq len:       7051
step-94    | loss: 8.312 | avg time: 0.182 | max memory: 31228.685 | seq len:       7052
step-95    | loss: 8.250 | avg time: 0.182 | max memory: 31228.685 | seq len:       7046
step-96    | loss: 8.375 | avg time: 0.182 | max memory: 31228.685 | seq len:       7037
step-97    | loss: 8.312 | avg time: 0.182 | max memory: 31228.685 | seq len:       7047
step-98    | loss: 8.312 | avg time: 0.182 | max memory: 31228.685 | seq len:       7048
step-99    | loss: 7.938 | avg time: 0.182 | max memory: 31228.685 | seq len:       7052
step-100   | loss: 7.656 | avg time: 0.182 | max memory: 31228.685 | seq len:       7080
step-101   | loss: 7.656 | avg time: 0.182 | max memory: 31228.685 | seq len:       7081
step-102   | loss: 8.875 | avg time: 0.182 | max memory: 31228.685 | seq len:       7068
step-103   | loss: 7.531 | avg time: 0.182 | max memory: 31228.685 | seq len:       7085
step-104   | loss: 7.875 | avg time: 0.182 | max memory: 31228.685 | seq len:       7095
step-105   | loss: 8.312 | avg time: 0.182 | max memory: 31228.685 | seq len:       7098
step-106   | loss: 7.469 | avg time: 0.182 | max memory: 31228.685 | seq len:       7121
step-107   | loss: 8.125 | avg time: 0.182 | max memory: 31228.685 | seq len:       7118
step-108   | loss: 7.156 | avg time: 0.182 | max memory: 31228.685 | seq len:       7135
step-109   | loss: 7.250 | avg time: 0.182 | max memory: 31228.685 | seq len:       7146
step-110   | loss: 7.750 | avg time: 0.182 | max memory: 31228.685 | seq len:       7150
step-111   | loss: 7.719 | avg time: 0.182 | max memory: 31228.685 | seq len:       7163
step-112   | loss: 7.938 | avg time: 0.182 | max memory: 31228.685 | seq len:       7161
step-113   | loss: 6.844 | avg time: 0.182 | max memory: 31228.685 | seq len:       7188
step-114   | loss: 8.938 | avg time: 0.182 | max memory: 31228.685 | seq len:       7172
step-115   | loss: 7.250 | avg time: 0.182 | max memory: 31228.685 | seq len:       7181
step-116   | loss: 7.156 | avg time: 0.182 | max memory: 31228.685 | seq len:       7186
step-117   | loss: 7.188 | avg time: 0.182 | max memory: 31228.685 | seq len:       7202
step-118   | loss: 7.969 | avg time: 0.182 | max memory: 31228.685 | seq len:       7209
step-119   | loss: 7.688 | avg time: 0.182 | max memory: 31228.685 | seq len:       7207
step-120   | loss: 7.188 | avg time: 0.182 | max memory: 31228.685 | seq len:       7213
step-121   | loss: 7.500 | avg time: 0.182 | max memory: 31228.685 | seq len:       7210
step-122   | loss: 7.625 | avg time: 0.182 | max memory: 31228.685 | seq len:       7202
step-123   | loss: 8.188 | avg time: 0.182 | max memory: 31228.685 | seq len:       7194
step-124   | loss: 7.875 | avg time: 0.182 | max memory: 31228.685 | seq len:       7189
step-125   | loss: 7.188 | avg time: 0.182 | max memory: 31228.685 | seq len:       7198
step-126   | loss: 8.188 | avg time: 0.182 | max memory: 31228.685 | seq len:       7189
step-127   | loss: 7.406 | avg time: 0.182 | max memory: 31228.685 | seq len:       7203
step-128   | loss: 8.188 | avg time: 0.182 | max memory: 31228.685 | seq len:       7195
step-129   | loss: 7.750 | avg time: 0.182 | max memory: 31228.685 | seq len:       7204
step-130   | loss: 8.438 | avg time: 0.182 | max memory: 31228.685 | seq len:       7191
step-131   | loss: 8.062 | avg time: 0.182 | max memory: 31228.685 | seq len:       7179
step-132   | loss: 7.156 | avg time: 0.182 | max memory: 31228.685 | seq len:       7209
step-133   | loss: 7.406 | avg time: 0.182 | max memory: 31228.685 | seq len:       7211
step-134   | loss: 7.344 | avg time: 0.182 | max memory: 31228.685 | seq len:       7212
step-135   | loss: 8.062 | avg time: 0.182 | max memory: 31228.685 | seq len:       7205
step-136   | loss: 7.312 | avg time: 0.182 | max memory: 31228.685 | seq len:       7208
step-137   | loss: 7.312 | avg time: 0.182 | max memory: 31228.685 | seq len:       7223
step-138   | loss: 7.156 | avg time: 0.182 | max memory: 31228.685 | seq len:       7228
step-139   | loss: 7.219 | avg time: 0.182 | max memory: 31228.685 | seq len:       7235
step-140   | loss: 8.500 | avg time: 0.182 | max memory: 31228.685 | seq len:       7223
step-141   | loss: 7.562 | avg time: 0.182 | max memory: 31228.685 | seq len:       7227
step-142   | loss: 7.156 | avg time: 0.182 | max memory: 31228.685 | seq len:       7236
step-143   | loss: 8.062 | avg time: 0.182 | max memory: 31228.685 | seq len:       7233
step-144   | loss: 7.406 | avg time: 0.182 | max memory: 31228.685 | seq len:       7249
step-145   | loss: 8.062 | avg time: 0.182 | max memory: 31228.685 | seq len:       7242
step-146   | loss: 7.781 | avg time: 0.182 | max memory: 31228.685 | seq len:       7238
step-147   | loss: 7.812 | avg time: 0.182 | max memory: 31228.685 | seq len:       7227
step-148   | loss: 7.406 | avg time: 0.182 | max memory: 31228.685 | seq len:       7239
step-149   | loss: 8.750 | avg time: 0.182 | max memory: 31228.685 | seq len:       7236
step-150   | loss: 7.875 | avg time: 0.182 | max memory: 31228.685 | seq len:       7227
step-151   | loss: 7.812 | avg time: 0.182 | max memory: 31228.685 | seq len:       7216
step-152   | loss: 7.781 | avg time: 0.182 | max memory: 31228.685 | seq len:       7216
step-153   | loss: 8.250 | avg time: 0.182 | max memory: 31228.685 | seq len:       7205
step-154   | loss: 7.594 | avg time: 0.182 | max memory: 31228.685 | seq len:       7206
step-155   | loss: 8.000 | avg time: 0.182 | max memory: 31228.685 | seq len:       7210
step-156   | loss: 8.250 | avg time: 0.182 | max memory: 31228.685 | seq len:       7207
step-157   | loss: 7.250 | avg time: 0.182 | max memory: 31228.685 | seq len:       7212
step-158   | loss: 7.344 | avg time: 0.182 | max memory: 31228.685 | seq len:       7220
step-159   | loss: 7.562 | avg time: 0.182 | max memory: 31228.685 | seq len:       7223
step-160   | loss: 7.000 | avg time: 0.182 | max memory: 31228.685 | seq len:       7233
step-161   | loss: 8.125 | avg time: 0.182 | max memory: 31228.685 | seq len:       7229
step-162   | loss: 7.500 | avg time: 0.182 | max memory: 31228.685 | seq len:       7237
step-163   | loss: 8.312 | avg time: 0.182 | max memory: 31228.685 | seq len:       7201
step-164   | loss: 7.469 | avg time: 0.182 | max memory: 31228.685 | seq len:       7200
step-165   | loss: 7.344 | avg time: 0.182 | max memory: 31228.685 | seq len:       7205
step-166   | loss: 7.344 | avg time: 0.182 | max memory: 31228.685 | seq len:       7216
step-167   | loss: 7.719 | avg time: 0.182 | max memory: 31228.685 | seq len:       7219
step-168   | loss: 8.438 | avg time: 0.182 | max memory: 31228.685 | seq len:       7214
step-169   | loss: 7.844 | avg time: 0.182 | max memory: 31228.685 | seq len:       7209
step-170   | loss: 8.438 | avg time: 0.182 | max memory: 31228.685 | seq len:       7203
step-171   | loss: 7.812 | avg time: 0.182 | max memory: 31228.685 | seq len:       7199
step-172   | loss: 7.719 | avg time: 0.182 | max memory: 31228.685 | seq len:       7198
step-173   | loss: 9.812 | avg time: 0.182 | max memory: 31228.685 | seq len:       7157
step-174   | loss: 7.312 | avg time: 0.182 | max memory: 31228.685 | seq len:       7154
step-175   | loss: 7.656 | avg time: 0.182 | max memory: 31228.685 | seq len:       7156
step-176   | loss: 7.969 | avg time: 0.182 | max memory: 31228.685 | seq len:       7133
step-177   | loss: 7.531 | avg time: 0.182 | max memory: 31228.685 | seq len:       7134
step-178   | loss: 7.969 | avg time: 0.182 | max memory: 31228.685 | seq len:       7132
step-179   | loss: 7.844 | avg time: 0.182 | max memory: 31228.685 | seq len:       7134
step-180   | loss: 7.875 | avg time: 0.182 | max memory: 31228.685 | seq len:       7131
step-181   | loss: 7.500 | avg time: 0.182 | max memory: 31228.685 | seq len:       7132
step-182   | loss: 6.719 | avg time: 0.182 | max memory: 31228.685 | seq len:       7144
step-183   | loss: 8.062 | avg time: 0.182 | max memory: 31228.685 | seq len:       7141
step-184   | loss: 7.938 | avg time: 0.182 | max memory: 31228.685 | seq len:       7141
step-185   | loss: 7.219 | avg time: 0.182 | max memory: 31228.685 | seq len:       7152
step-186   | loss: 8.000 | avg time: 0.182 | max memory: 31228.685 | seq len:       7128
step-187   | loss: 7.656 | avg time: 0.182 | max memory: 31228.685 | seq len:       7117
step-188   | loss: 7.062 | avg time: 0.182 | max memory: 31228.685 | seq len:       7133
step-189   | loss: 8.188 | avg time: 0.182 | max memory: 31228.685 | seq len:       7131
step-190   | loss: 8.375 | avg time: 0.182 | max memory: 31228.685 | seq len:       7122
step-191   | loss: 8.375 | avg time: 0.182 | max memory: 31228.685 | seq len:       7111
step-192   | loss: 7.562 | avg time: 0.182 | max memory: 31228.685 | seq len:       7121
step-193   | loss: 7.219 | avg time: 0.182 | max memory: 31228.685 | seq len:       7092
step-194   | loss: 8.188 | avg time: 0.182 | max memory: 31228.685 | seq len:       7085
step-195   | loss: 7.719 | avg time: 0.182 | max memory: 31228.685 | seq len:       7085
step-196   | loss: 8.500 | avg time: 0.182 | max memory: 31228.685 | seq len:       7088
step-197   | loss: 7.562 | avg time: 0.182 | max memory: 31228.685 | seq len:       7096
step-198   | loss: 6.688 | avg time: 0.182 | max memory: 31228.685 | seq len:       7116
step-199   | loss: 7.562 | avg time: 0.182 | max memory: 31228.685 | seq len:       7118
step-200   | loss: 7.438 | avg time: 0.182 | max memory: 31228.685 | seq len:       7122
step-201   | loss: 7.469 | avg time: 0.182 | max memory: 31228.685 | seq len:       7127
step-202   | loss: 7.594 | avg time: 0.182 | max memory: 31228.685 | seq len:       7129
step-203   | loss: 7.375 | avg time: 0.182 | max memory: 31228.685 | seq len:       7134
step-204   | loss: 7.656 | avg time: 0.182 | max memory: 31228.685 | seq len:       7133
step-205   | loss: 8.125 | avg time: 0.182 | max memory: 31228.685 | seq len:       7131
step-206   | loss: 7.344 | avg time: 0.182 | max memory: 31228.685 | seq len:       7138
step-207   | loss: 7.219 | avg time: 0.182 | max memory: 31228.685 | seq len:       7147
step-208   | loss: 7.250 | avg time: 0.182 | max memory: 31228.685 | seq len:       7151
step-209   | loss: 8.000 | avg time: 0.182 | max memory: 31228.685 | seq len:       7151
step-210   | loss: 7.844 | avg time: 0.182 | max memory: 31228.685 | seq len:       7153
step-211   | loss: 7.875 | avg time: 0.182 | max memory: 31228.685 | seq len:       7151
step-212   | loss: 7.812 | avg time: 0.182 | max memory: 31228.685 | seq len:       7149
step-213   | loss: 7.906 | avg time: 0.182 | max memory: 31228.685 | seq len:       7135
step-214   | loss: 7.719 | avg time: 0.182 | max memory: 31228.685 | seq len:       7139
step-215   | loss: 7.062 | avg time: 0.182 | max memory: 31228.685 | seq len:       7141
step-216   | loss: 7.562 | avg time: 0.182 | max memory: 31228.685 | seq len:       7138
step-217   | loss: 7.406 | avg time: 0.182 | max memory: 31228.685 | seq len:       7138
step-218   | loss: 7.406 | avg time: 0.182 | max memory: 31228.685 | seq len:       7141
step-219   | loss: 7.438 | avg time: 0.182 | max memory: 31228.685 | seq len:       7148
step-220   | loss: 7.094 | avg time: 0.182 | max memory: 31228.685 | seq len:       7151
step-221   | loss: 7.656 | avg time: 0.182 | max memory: 31228.685 | seq len:       7152
step-222   | loss: 7.406 | avg time: 0.182 | max memory: 31228.685 | seq len:       7156
step-223   | loss: 8.438 | avg time: 0.182 | max memory: 31228.685 | seq len:       7155
step-224   | loss: 7.844 | avg time: 0.182 | max memory: 31228.685 | seq len:       7154
step-225   | loss: 7.781 | avg time: 0.182 | max memory: 31228.685 | seq len:       7152
step-226   | loss: 8.125 | avg time: 0.182 | max memory: 31228.685 | seq len:       7146
step-227   | loss: 7.812 | avg time: 0.182 | max memory: 31228.685 | seq len:       7172
step-228   | loss: 7.875 | avg time: 0.182 | max memory: 31228.685 | seq len:       7170
step-229   | loss: 7.156 | avg time: 0.182 | max memory: 31228.685 | seq len:       7178
step-230   | loss: 7.469 | avg time: 0.182 | max memory: 31228.685 | seq len:       7176
step-231   | loss: 8.500 | avg time: 0.182 | max memory: 31228.685 | seq len:       7167
step-232   | loss: 7.750 | avg time: 0.182 | max memory: 31228.685 | seq len:       7164
step-233   | loss: 7.594 | avg time: 0.182 | max memory: 31228.685 | seq len:       7165
step-234   | loss: 8.188 | avg time: 0.182 | max memory: 31228.685 | seq len:       7157
step-235   | loss: 7.469 | avg time: 0.182 | max memory: 31228.685 | seq len:       7156
step-236   | loss: 8.125 | avg time: 0.182 | max memory: 31228.685 | seq len:       7162
step-237   | loss: 7.344 | avg time: 0.182 | max memory: 31228.685 | seq len:       7165
step-238   | loss: 7.125 | avg time: 0.182 | max memory: 31228.685 | seq len:       7170
step-239   | loss: 7.188 | avg time: 0.182 | max memory: 31228.685 | seq len:       7176
step-240   | loss: 7.844 | avg time: 0.182 | max memory: 31228.685 | seq len:       7171
step-241   | loss: 6.812 | avg time: 0.182 | max memory: 31228.685 | seq len:       7188
step-242   | loss: 6.969 | avg time: 0.182 | max memory: 31228.685 | seq len:       7195
step-243   | loss: 6.531 | avg time: 0.182 | max memory: 31228.685 | seq len:       7202
step-244   | loss: 7.719 | avg time: 0.182 | max memory: 31228.685 | seq len:       7206
step-245   | loss: 7.844 | avg time: 0.182 | max memory: 31228.685 | seq len:       7207
step-246   | loss: 7.938 | avg time: 0.182 | max memory: 31228.685 | seq len:       7194
step-247   | loss: 7.688 | avg time: 0.182 | max memory: 31228.685 | seq len:       7194
step-248   | loss: 7.688 | avg time: 0.182 | max memory: 31228.685 | seq len:       7195
step-249   | loss: 7.406 | avg time: 0.182 | max memory: 31228.685 | seq len:       7195
step-250   | loss: 7.875 | avg time: 0.182 | max memory: 31228.685 | seq len:       7195
step-251   | loss: 8.250 | avg time: 0.182 | max memory: 31228.685 | seq len:       7188
step-252   | loss: 7.594 | avg time: 0.182 | max memory: 31228.685 | seq len:       7184
step-253   | loss: 7.812 | avg time: 0.182 | max memory: 31228.685 | seq len:       7184
step-254   | loss: 7.719 | avg time: 0.182 | max memory: 31228.685 | seq len:       7186
step-255   | loss: 6.781 | avg time: 0.182 | max memory: 31228.685 | seq len:       7198
step-256   | loss: 7.938 | avg time: 0.182 | max memory: 31228.685 | seq len:       7185
step-257   | loss: 7.469 | avg time: 0.182 | max memory: 31228.685 | seq len:       7186
step-258   | loss: 8.062 | avg time: 0.182 | max memory: 31228.685 | seq len:       7183
step-259   | loss: 7.344 | avg time: 0.182 | max memory: 31228.685 | seq len:       7183
step-260   | loss: 7.781 | avg time: 0.182 | max memory: 31228.685 | seq len:       7178
step-261   | loss: 6.906 | avg time: 0.182 | max memory: 31228.685 | seq len:       7183
step-262   | loss: 7.844 | avg time: 0.182 | max memory: 31228.685 | seq len:       7181
step-263   | loss: 7.750 | avg time: 0.182 | max memory: 31228.685 | seq len:       7180
step-264   | loss: 7.062 | avg time: 0.182 | max memory: 31228.685 | seq len:       7184
step-265   | loss: 7.312 | avg time: 0.182 | max memory: 31228.685 | seq len:       7186
step-266   | loss: 7.000 | avg time: 0.182 | max memory: 31228.685 | seq len:       7191
step-267   | loss: 7.656 | avg time: 0.182 | max memory: 31228.685 | seq len:       7191
step-268   | loss: 6.812 | avg time: 0.182 | max memory: 31228.685 | seq len:       7198
step-269   | loss: 8.375 | avg time: 0.182 | max memory: 31228.685 | seq len:       7188
step-270   | loss: 8.500 | avg time: 0.182 | max memory: 31228.685 | seq len:       7180
step-271   | loss: 7.812 | avg time: 0.182 | max memory: 31228.685 | seq len:       7175
step-272   | loss: 7.219 | avg time: 0.182 | max memory: 31228.685 | seq len:       7186
step-273   | loss: 7.344 | avg time: 0.182 | max memory: 31228.685 | seq len:       7194
step-274   | loss: 7.531 | avg time: 0.182 | max memory: 31228.685 | seq len:       7190
step-275   | loss: 7.312 | avg time: 0.182 | max memory: 31228.685 | seq len:       7195
step-276   | loss: 6.938 | avg time: 0.182 | max memory: 31228.685 | seq len:       7201
step-277   | loss: 6.906 | avg time: 0.182 | max memory: 31228.685 | seq len:       7209
step-278   | loss: 8.125 | avg time: 0.182 | max memory: 31228.685 | seq len:       7207
step-279   | loss: 7.469 | avg time: 0.182 | max memory: 31228.685 | seq len:       7206
step-280   | loss: 6.969 | avg time: 0.182 | max memory: 31228.685 | seq len:       7214
step-281   | loss: 7.031 | avg time: 0.182 | max memory: 31228.685 | seq len:       7217
step-282   | loss: 7.625 | avg time: 0.182 | max memory: 31228.685 | seq len:       7216
step-283   | loss: 7.031 | avg time: 0.182 | max memory: 31228.685 | seq len:       7222
step-284   | loss: 6.938 | avg time: 0.182 | max memory: 31228.685 | seq len:       7227
step-285   | loss: 7.281 | avg time: 0.182 | max memory: 31228.685 | seq len:       7229
step-286   | loss: 7.594 | avg time: 0.182 | max memory: 31228.685 | seq len:       7228
step-287   | loss: 7.031 | avg time: 0.182 | max memory: 31228.685 | seq len:       7239
step-288   | loss: 8.312 | avg time: 0.182 | max memory: 31228.685 | seq len:       7234
step-289   | loss: 7.188 | avg time: 0.182 | max memory: 31228.685 | seq len:       7221
step-290   | loss: 8.188 | avg time: 0.182 | max memory: 31228.685 | seq len:       7216
step-291   | loss: 7.344 | avg time: 0.182 | max memory: 31228.685 | seq len:       7214
step-292   | loss: 7.250 | avg time: 0.182 | max memory: 31228.685 | seq len:       7218
step-293   | loss: 8.312 | avg time: 0.182 | max memory: 31228.685 | seq len:       7214
step-294   | loss: 7.438 | avg time: 0.182 | max memory: 31228.685 | seq len:       7196
step-295   | loss: 7.156 | avg time: 0.182 | max memory: 31228.685 | seq len:       7200
step-296   | loss: 7.219 | avg time: 0.182 | max memory: 31228.685 | seq len:       7206
step-297   | loss: 6.906 | avg time: 0.182 | max memory: 31228.685 | seq len:       7209
step-298   | loss: 7.062 | avg time: 0.182 | max memory: 31228.685 | seq len:       7209
step-299   | loss: 7.500 | avg time: 0.182 | max memory: 31228.685 | seq len:       7209
step-300   | loss: 7.906 | avg time: 0.182 | max memory: 31228.685 | seq len:       7206
step-301   | loss: 7.469 | avg time: 0.182 | max memory: 31228.685 | seq len:       7204
step-302   | loss: 8.125 | avg time: 0.182 | max memory: 31228.685 | seq len:       7199
step-303   | loss: 8.438 | avg time: 0.182 | max memory: 31228.685 | seq len:       7197
step-304   | loss: 7.406 | avg time: 0.182 | max memory: 31228.685 | seq len:       7195
step-305   | loss: 7.000 | avg time: 0.182 | max memory: 31228.685 | seq len:       7201
step-306   | loss: 7.656 | avg time: 0.182 | max memory: 31228.685 | seq len:       7198
step-307   | loss: 7.812 | avg time: 0.182 | max memory: 31228.685 | seq len:       7197
step-308   | loss: 7.531 | avg time: 0.182 | max memory: 31228.685 | seq len:       7193
step-309   | loss: 7.312 | avg time: 0.182 | max memory: 31228.685 | seq len:       7183
step-310   | loss: 8.812 | avg time: 0.182 | max memory: 31228.685 | seq len:       7177
step-311   | loss: 7.781 | avg time: 0.182 | max memory: 31228.685 | seq len:       7156
step-312   | loss: 7.688 | avg time: 0.182 | max memory: 31228.685 | seq len:       7154
step-313   | loss: 6.969 | avg time: 0.182 | max memory: 31228.685 | seq len:       7159
step-314   | loss: 7.688 | avg time: 0.182 | max memory: 31228.685 | seq len:       7155
step-315   | loss: 8.250 | avg time: 0.182 | max memory: 31228.685 | seq len:       7148
step-316   | loss: 8.125 | avg time: 0.182 | max memory: 31228.685 | seq len:       7144
step-317   | loss: 7.969 | avg time: 0.182 | max memory: 31228.685 | seq len:       7139
step-318   | loss: 7.781 | avg time: 0.182 | max memory: 31228.685 | seq len:       7139
step-319   | loss: 7.875 | avg time: 0.182 | max memory: 31228.685 | seq len:       7138
step-320   | loss: 7.875 | avg time: 0.182 | max memory: 31228.685 | seq len:       7133
step-321   | loss: 7.719 | avg time: 0.182 | max memory: 31228.685 | seq len:       7131
step-322   | loss: 7.719 | avg time: 0.182 | max memory: 31228.685 | seq len:       7128
step-323   | loss: 7.312 | avg time: 0.182 | max memory: 31228.685 | seq len:       7123
step-324   | loss: 7.000 | avg time: 0.182 | max memory: 31228.685 | seq len:       7132
step-325   | loss: 7.625 | avg time: 0.182 | max memory: 31228.685 | seq len:       7130
step-326   | loss: 7.688 | avg time: 0.182 | max memory: 31228.685 | seq len:       7128
step-327   | loss: 7.719 | avg time: 0.182 | max memory: 31228.685 | seq len:       7124
step-328   | loss: 7.812 | avg time: 0.182 | max memory: 31228.685 | seq len:       7121
step-329   | loss: 7.375 | avg time: 0.182 | max memory: 31228.685 | seq len:       7122
step-330   | loss: 7.406 | avg time: 0.182 | max memory: 31228.685 | seq len:       7124
step-331   | loss: 7.375 | avg time: 0.182 | max memory: 31228.685 | seq len:       7125
step-332   | loss: 7.062 | avg time: 0.182 | max memory: 31228.685 | seq len:       7126
step-333   | loss: 7.562 | avg time: 0.182 | max memory: 31228.685 | seq len:       7128
step-334   | loss: 7.969 | avg time: 0.182 | max memory: 31228.685 | seq len:       7124
step-335   | loss: 7.281 | avg time: 0.182 | max memory: 31228.685 | seq len:       7128
step-336   | loss: 7.688 | avg time: 0.182 | max memory: 31228.685 | seq len:       7127
step-337   | loss: 7.844 | avg time: 0.182 | max memory: 31228.685 | seq len:       7124
step-338   | loss: 7.062 | avg time: 0.182 | max memory: 31228.685 | seq len:       7130
step-339   | loss: 7.188 | avg time: 0.182 | max memory: 31228.685 | seq len:       7138
step-340   | loss: 8.062 | avg time: 0.182 | max memory: 31228.685 | seq len:       7133
step-341   | loss: 8.312 | avg time: 0.182 | max memory: 31228.685 | seq len:       7130
step-342   | loss: 7.938 | avg time: 0.182 | max memory: 31228.685 | seq len:       7129
step-343   | loss: 6.875 | avg time: 0.182 | max memory: 31228.685 | seq len:       7133
step-344   | loss: 7.438 | avg time: 0.182 | max memory: 31228.685 | seq len:       7134
step-345   | loss: 7.281 | avg time: 0.182 | max memory: 31228.685 | seq len:       7135
step-346   | loss: 7.219 | avg time: 0.182 | max memory: 31228.685 | seq len:       7122
step-347   | loss: 7.531 | avg time: 0.182 | max memory: 31228.685 | seq len:       7121
step-348   | loss: 7.281 | avg time: 0.182 | max memory: 31228.685 | seq len:       7121
step-349   | loss: 7.375 | avg time: 0.182 | max memory: 31228.685 | seq len:       7122
step-350   | loss: 7.406 | avg time: 0.182 | max memory: 31228.685 | seq len:       7125
step-351   | loss: 7.562 | avg time: 0.182 | max memory: 31228.685 | seq len:       7124
step-352   | loss: 7.312 | avg time: 0.182 | max memory: 31228.685 | seq len:       7125
step-353   | loss: 8.062 | avg time: 0.182 | max memory: 31228.685 | seq len:       7121
step-354   | loss: 7.875 | avg time: 0.182 | max memory: 31228.685 | seq len:       7119
step-355   | loss: 7.219 | avg time: 0.182 | max memory: 31228.685 | seq len:       7120
step-356   | loss: 7.188 | avg time: 0.182 | max memory: 31228.685 | seq len:       7116
step-357   | loss: 6.812 | avg time: 0.182 | max memory: 31228.685 | seq len:       7122
step-358   | loss: 7.688 | avg time: 0.182 | max memory: 31228.685 | seq len:       7117
step-359   | loss: 7.312 | avg time: 0.182 | max memory: 31228.685 | seq len:       7115
step-360   | loss: 7.656 | avg time: 0.182 | max memory: 31228.685 | seq len:       7110
step-361   | loss: 7.000 | avg time: 0.182 | max memory: 31228.685 | seq len:       7112
step-362   | loss: 6.906 | avg time: 0.182 | max memory: 31228.685 | seq len:       7118
step-363   | loss: 7.625 | avg time: 0.182 | max memory: 31228.685 | seq len:       7116
step-364   | loss: 7.781 | avg time: 0.182 | max memory: 31228.685 | seq len:       7115
step-365   | loss: 7.750 | avg time: 0.182 | max memory: 31228.685 | seq len:       7113
step-366   | loss: 7.000 | avg time: 0.182 | max memory: 31228.685 | seq len:       7115
step-367   | loss: 8.500 | avg time: 0.182 | max memory: 31228.685 | seq len:       7111
step-368   | loss: 7.500 | avg time: 0.182 | max memory: 31228.685 | seq len:       7109
step-369   | loss: 8.000 | avg time: 0.182 | max memory: 31228.685 | seq len:       7104
step-370   | loss: 7.781 | avg time: 0.182 | max memory: 31228.685 | seq len:       7103
step-371   | loss: 7.625 | avg time: 0.182 | max memory: 31228.685 | seq len:       7103
step-372   | loss: 8.375 | avg time: 0.182 | max memory: 31228.685 | seq len:       7100
step-373   | loss: 7.438 | avg time: 0.182 | max memory: 31228.685 | seq len:       7100
step-374   | loss: 7.719 | avg time: 0.182 | max memory: 31228.685 | seq len:       7092
step-375   | loss: 7.781 | avg time: 0.182 | max memory: 31228.685 | seq len:       7092
step-376   | loss: 7.281 | avg time: 0.182 | max memory: 31228.685 | seq len:       7088
step-377   | loss: 8.125 | avg time: 0.182 | max memory: 31228.685 | seq len:       7084
step-378   | loss: 7.406 | avg time: 0.182 | max memory: 31228.685 | seq len:       7087
step-379   | loss: 7.188 | avg time: 0.182 | max memory: 31228.685 | seq len:       7088
step-380   | loss: 7.906 | avg time: 0.182 | max memory: 31228.685 | seq len:       7085
step-381   | loss: 7.156 | avg time: 0.182 | max memory: 31228.685 | seq len:       7086
step-382   | loss: 6.719 | avg time: 0.182 | max memory: 31228.685 | seq len:       7092
step-383   | loss: 7.875 | avg time: 0.182 | max memory: 31228.685 | seq len:       7087
step-384   | loss: 6.469 | avg time: 0.182 | max memory: 31228.685 | seq len:       7092
step-385   | loss: 8.062 | avg time: 0.182 | max memory: 31228.685 | seq len:       7080
step-386   | loss: 7.406 | avg time: 0.182 | max memory: 31228.685 | seq len:       7080
step-387   | loss: 7.938 | avg time: 0.182 | max memory: 31228.685 | seq len:       7078
step-388   | loss: 8.438 | avg time: 0.182 | max memory: 31228.685 | seq len:       7075
step-389   | loss: 7.031 | avg time: 0.182 | max memory: 31228.685 | seq len:       7079
step-390   | loss: 7.469 | avg time: 0.182 | max memory: 31228.685 | seq len:       7077
step-391   | loss: 7.000 | avg time: 0.182 | max memory: 31228.685 | seq len:       7077
step-392   | loss: 6.906 | avg time: 0.182 | max memory: 31228.685 | seq len:       7081
step-393   | loss: 7.094 | avg time: 0.182 | max memory: 31228.685 | seq len:       7088
step-394   | loss: 7.438 | avg time: 0.182 | max memory: 31228.685 | seq len:       7086
step-395   | loss: 6.781 | avg time: 0.182 | max memory: 31228.685 | seq len:       7088
step-396   | loss: 7.750 | avg time: 0.182 | max memory: 31228.685 | seq len:       7089
step-397   | loss: 7.000 | avg time: 0.182 | max memory: 31228.685 | seq len:       7091
step-398   | loss: 7.531 | avg time: 0.182 | max memory: 31228.685 | seq len:       7090
step-399   | loss: 7.312 | avg time: 0.182 | max memory: 31228.685 | seq len:       7079
step-400   | loss: 7.906 | avg time: 0.182 | max memory: 31228.685 | seq len:       7078
step-401   | loss: 7.875 | avg time: 0.182 | max memory: 31228.685 | seq len:       7081
step-402   | loss: 7.125 | avg time: 0.182 | max memory: 31228.685 | seq len:       7084
step-403   | loss: 7.500 | avg time: 0.182 | max memory: 31228.685 | seq len:       7083
step-404   | loss: 7.219 | avg time: 0.182 | max memory: 31228.685 | seq len:       7084
step-405   | loss: 7.438 | avg time: 0.182 | max memory: 31228.685 | seq len:       7086
step-406   | loss: 7.406 | avg time: 0.182 | max memory: 31228.685 | seq len:       7085
step-407   | loss: 7.344 | avg time: 0.182 | max memory: 31228.685 | seq len:       7084
step-408   | loss: 7.219 | avg time: 0.182 | max memory: 31228.685 | seq len:       7090
step-409   | loss: 7.531 | avg time: 0.182 | max memory: 31228.685 | seq len:       7089
step-410   | loss: 8.188 | avg time: 0.182 | max memory: 31228.685 | seq len:       7086
step-411   | loss: 6.906 | avg time: 0.182 | max memory: 31228.685 | seq len:       7090
step-412   | loss: 6.656 | avg time: 0.182 | max memory: 31228.685 | seq len:       7086
step-413   | loss: 8.000 | avg time: 0.182 | max memory: 31228.685 | seq len:       7076
step-414   | loss: 7.031 | avg time: 0.182 | max memory: 31228.685 | seq len:       7070
step-415   | loss: 6.938 | avg time: 0.182 | max memory: 31228.685 | seq len:       7074
step-416   | loss: 8.312 | avg time: 0.182 | max memory: 31228.685 | seq len:       7071
step-417   | loss: 8.312 | avg time: 0.182 | max memory: 31228.685 | seq len:       7067
step-418   | loss: 8.062 | avg time: 0.182 | max memory: 31228.685 | seq len:       7062
step-419   | loss: 7.125 | avg time: 0.182 | max memory: 31228.685 | seq len:       7065
step-420   | loss: 7.250 | avg time: 0.182 | max memory: 31228.685 | seq len:       7066
step-421   | loss: 7.594 | avg time: 0.182 | max memory: 31228.685 | seq len:       7065
step-422   | loss: 7.500 | avg time: 0.182 | max memory: 31228.685 | seq len:       7064
step-423   | loss: 7.375 | avg time: 0.182 | max memory: 31228.685 | seq len:       7063
step-424   | loss: 7.438 | avg time: 0.182 | max memory: 31228.685 | seq len:       7063
step-425   | loss: 6.875 | avg time: 0.182 | max memory: 31228.685 | seq len:       7065
step-426   | loss: 7.875 | avg time: 0.182 | max memory: 31228.685 | seq len:       7064
step-427   | loss: 7.500 | avg time: 0.182 | max memory: 31228.685 | seq len:       7058
step-428   | loss: 7.125 | avg time: 0.182 | max memory: 31228.685 | seq len:       7059
step-429   | loss: 7.875 | avg time: 0.182 | max memory: 31228.685 | seq len:       7045
step-430   | loss: 7.750 | avg time: 0.182 | max memory: 31228.685 | seq len:       7042
step-431   | loss: 7.062 | avg time: 0.182 | max memory: 31228.685 | seq len:       7045
step-432   | loss: 6.875 | avg time: 0.182 | max memory: 31228.685 | seq len:       7049
step-433   | loss: 7.031 | avg time: 0.182 | max memory: 31228.685 | seq len:       7050
step-434   | loss: 7.156 | avg time: 0.182 | max memory: 31228.685 | seq len:       7052
step-435   | loss: 7.438 | avg time: 0.182 | max memory: 31228.685 | seq len:       7052
step-436   | loss: 7.188 | avg time: 0.182 | max memory: 31228.685 | seq len:       7055
step-437   | loss: 7.344 | avg time: 0.182 | max memory: 31228.685 | seq len:       7059
step-438   | loss: 8.062 | avg time: 0.182 | max memory: 31228.685 | seq len:       7055
step-439   | loss: 6.094 | avg time: 0.182 | max memory: 31228.685 | seq len:       7065
step-440   | loss: 6.562 | avg time: 0.182 | max memory: 31228.685 | seq len:       7064
step-441   | loss: 7.750 | avg time: 0.182 | max memory: 31228.685 | seq len:       7063
step-442   | loss: 6.500 | avg time: 0.182 | max memory: 31228.685 | seq len:       7067
step-443   | loss: 6.812 | avg time: 0.182 | max memory: 31228.685 | seq len:       7070
step-444   | loss: 7.844 | avg time: 0.182 | max memory: 31228.685 | seq len:       7057
step-445   | loss: 7.781 | avg time: 0.182 | max memory: 31228.685 | seq len:       7058
step-446   | loss: 7.375 | avg time: 0.182 | max memory: 31228.685 | seq len:       7057
step-447   | loss: 6.812 | avg time: 0.182 | max memory: 31228.685 | seq len:       7062
step-448   | loss: 7.156 | avg time: 0.182 | max memory: 31228.685 | seq len:       7062
step-449   | loss: 7.156 | avg time: 0.182 | max memory: 31228.685 | seq len:       7061
step-450   | loss: 7.469 | avg time: 0.182 | max memory: 31228.685 | seq len:       7059
step-451   | loss: 6.781 | avg time: 0.182 | max memory: 31228.685 | seq len:       7061
step-452   | loss: 7.031 | avg time: 0.182 | max memory: 31228.685 | seq len:       7064
step-453   | loss: 7.781 | avg time: 0.182 | max memory: 31228.685 | seq len:       7060
step-454   | loss: 6.906 | avg time: 0.182 | max memory: 31228.685 | seq len:       7064
step-455   | loss: 7.062 | avg time: 0.182 | max memory: 31228.685 | seq len:       7063
step-456   | loss: 6.625 | avg time: 0.182 | max memory: 31228.685 | seq len:       7066
step-457   | loss: 6.656 | avg time: 0.182 | max memory: 31228.685 | seq len:       7068
step-458   | loss: 6.625 | avg time: 0.182 | max memory: 31228.685 | seq len:       7072
step-459   | loss: 6.625 | avg time: 0.182 | max memory: 31228.685 | seq len:       7075
step-460   | loss: 6.719 | avg time: 0.182 | max memory: 31228.685 | seq len:       7078
step-461   | loss: 6.938 | avg time: 0.182 | max memory: 31228.685 | seq len:       7077
step-462   | loss: 6.344 | avg time: 0.182 | max memory: 31228.685 | seq len:       7080
step-463   | loss: 6.844 | avg time: 0.182 | max memory: 31228.685 | seq len:       7082
step-464   | loss: 7.250 | avg time: 0.182 | max memory: 31228.685 | seq len:       7080
step-465   | loss: 7.062 | avg time: 0.182 | max memory: 31228.685 | seq len:       7082
step-466   | loss: 6.625 | avg time: 0.182 | max memory: 31228.685 | seq len:       7086
step-467   | loss: 6.719 | avg time: 0.182 | max memory: 31228.685 | seq len:       7088
step-468   | loss: 7.906 | avg time: 0.182 | max memory: 31228.685 | seq len:       7084
step-469   | loss: 7.094 | avg time: 0.182 | max memory: 31228.685 | seq len:       7081
step-470   | loss: 6.719 | avg time: 0.182 | max memory: 31228.685 | seq len:       7081
step-471   | loss: 6.781 | avg time: 0.182 | max memory: 31228.685 | seq len:       7081
step-472   | loss: 6.344 | avg time: 0.182 | max memory: 31228.685 | seq len:       7084
step-473   | loss: 6.875 | avg time: 0.182 | max memory: 31228.685 | seq len:       7086
step-474   | loss: 6.969 | avg time: 0.182 | max memory: 31228.685 | seq len:       7085
step-475   | loss: 7.062 | avg time: 0.182 | max memory: 31228.685 | seq len:       7083
step-476   | loss: 6.969 | avg time: 0.182 | max memory: 31228.685 | seq len:       7074
step-477   | loss: 7.562 | avg time: 0.182 | max memory: 31228.685 | seq len:       7071
step-478   | loss: 7.438 | avg time: 0.182 | max memory: 31228.685 | seq len:       7070
step-479   | loss: 6.688 | avg time: 0.182 | max memory: 31228.685 | seq len:       7071
step-480   | loss: 6.625 | avg time: 0.182 | max memory: 31228.685 | seq len:       7073
step-481   | loss: 7.469 | avg time: 0.182 | max memory: 31228.685 | seq len:       7073
step-482   | loss: 7.031 | avg time: 0.182 | max memory: 31228.685 | seq len:       7073
step-483   | loss: 6.188 | avg time: 0.182 | max memory: 31228.685 | seq len:       7076
step-484   | loss: 6.906 | avg time: 0.182 | max memory: 31228.685 | seq len:       7077
step-485   | loss: 6.656 | avg time: 0.182 | max memory: 31228.685 | seq len:       7075
step-486   | loss: 6.812 | avg time: 0.182 | max memory: 31228.685 | seq len:       7075
step-487   | loss: 6.562 | avg time: 0.182 | max memory: 31228.685 | seq len:       7077
step-488   | loss: 7.344 | avg time: 0.182 | max memory: 31228.685 | seq len:       7075
step-489   | loss: 7.469 | avg time: 0.182 | max memory: 31228.685 | seq len:       7073
step-490   | loss: 6.844 | avg time: 0.182 | max memory: 31228.685 | seq len:       7070
step-491   | loss: 6.438 | avg time: 0.182 | max memory: 31228.685 | seq len:       7073
step-492   | loss: 6.656 | avg time: 0.182 | max memory: 31228.685 | seq len:       7076
step-493   | loss: 7.000 | avg time: 0.182 | max memory: 31228.685 | seq len:       7074
step-494   | loss: 7.562 | avg time: 0.182 | max memory: 31228.685 | seq len:       7073
step-495   | loss: 6.688 | avg time: 0.182 | max memory: 31228.685 | seq len:       7074
step-496   | loss: 6.469 | avg time: 0.182 | max memory: 31228.685 | seq len:       7078
step-497   | loss: 7.156 | avg time: 0.182 | max memory: 31228.685 | seq len:       7077
step-498   | loss: 6.938 | avg time: 0.182 | max memory: 31228.685 | seq len:       7077
step-499   | loss: 7.250 | avg time: 0.182 | max memory: 31228.685 | seq len:       7072
step-500   | loss: 6.406 | avg time: 0.182 | max memory: 31228.685 | seq len:       7077
step-501   | loss: 5.969 | avg time: 0.182 | max memory: 31228.685 | seq len:       7084
step-502   | loss: 7.031 | avg time: 0.182 | max memory: 31228.685 | seq len:       7082
step-503   | loss: 7.469 | avg time: 0.182 | max memory: 31228.685 | seq len:       7079
step-504   | loss: 6.438 | avg time: 0.182 | max memory: 31228.685 | seq len:       7080
step-505   | loss: 6.625 | avg time: 0.182 | max memory: 31228.685 | seq len:       7082
step-506   | loss: 7.125 | avg time: 0.182 | max memory: 31228.685 | seq len:       7079
step-507   | loss: 6.750 | avg time: 0.182 | max memory: 31228.685 | seq len:       7079
step-508   | loss: 7.062 | avg time: 0.182 | max memory: 31228.685 | seq len:       7078
step-509   | loss: 6.500 | avg time: 0.182 | max memory: 31228.685 | seq len:       7082
step-510   | loss: 6.375 | avg time: 0.182 | max memory: 31228.685 | seq len:       7083
step-511   | loss: 6.344 | avg time: 0.182 | max memory: 31228.685 | seq len:       7087
step-512   | loss: 6.906 | avg time: 0.182 | max memory: 31228.685 | seq len:       7087
step-513   | loss: 6.531 | avg time: 0.182 | max memory: 31228.685 | seq len:       7086
step-514   | loss: 6.844 | avg time: 0.182 | max memory: 31228.685 | seq len:       7085
step-515   | loss: 7.031 | avg time: 0.182 | max memory: 31228.685 | seq len:       7086
step-516   | loss: 7.844 | avg time: 0.182 | max memory: 31228.685 | seq len:       7083
step-517   | loss: 6.125 | avg time: 0.182 | max memory: 31228.685 | seq len:       7086
step-518   | loss: 6.656 | avg time: 0.182 | max memory: 31228.685 | seq len:       7086
step-519   | loss: 7.375 | avg time: 0.182 | max memory: 31228.685 | seq len:       7082
step-520   | loss: 6.625 | avg time: 0.182 | max memory: 31228.685 | seq len:       7083
step-521   | loss: 7.156 | avg time: 0.182 | max memory: 31228.685 | seq len:       7080
step-522   | loss: 6.062 | avg time: 0.182 | max memory: 31228.685 | seq len:       7078
step-523   | loss: 6.344 | avg time: 0.182 | max memory: 31228.685 | seq len:       7081
step-524   | loss: 6.500 | avg time: 0.182 | max memory: 31228.685 | seq len:       7081
step-525   | loss: 7.156 | avg time: 0.182 | max memory: 31228.685 | seq len:       7079
step-526   | loss: 7.594 | avg time: 0.182 | max memory: 31228.685 | seq len:       7076
step-527   | loss: 7.594 | avg time: 0.182 | max memory: 31228.685 | seq len:       7074
step-528   | loss: 6.906 | avg time: 0.182 | max memory: 31228.685 | seq len:       7074
step-529   | loss: 6.688 | avg time: 0.182 | max memory: 31228.685 | seq len:       7078
step-530   | loss: 6.219 | avg time: 0.182 | max memory: 31228.685 | seq len:       7078
step-531   | loss: 6.469 | avg time: 0.182 | max memory: 31228.685 | seq len:       7079
step-532   | loss: 7.094 | avg time: 0.182 | max memory: 31228.685 | seq len:       7077
step-533   | loss: 6.625 | avg time: 0.182 | max memory: 31228.685 | seq len:       7076
step-534   | loss: 6.281 | avg time: 0.182 | max memory: 31228.685 | seq len:       7080
step-535   | loss: 6.531 | avg time: 0.182 | max memory: 31228.685 | seq len:       7083
step-536   | loss: 6.531 | avg time: 0.182 | max memory: 31228.685 | seq len:       7081
step-537   | loss: 6.719 | avg time: 0.182 | max memory: 31228.685 | seq len:       7082
step-538   | loss: 6.312 | avg time: 0.182 | max memory: 31228.685 | seq len:       7082
step-539   | loss: 6.156 | avg time: 0.182 | max memory: 31228.685 | seq len:       7087
step-540   | loss: 5.969 | avg time: 0.182 | max memory: 31228.685 | seq len:       7093
step-541   | loss: 6.938 | avg time: 0.182 | max memory: 31228.685 | seq len:       7093
step-542   | loss: 7.219 | avg time: 0.182 | max memory: 31228.685 | seq len:       7091
step-543   | loss: 5.906 | avg time: 0.182 | max memory: 31228.685 | seq len:       7094
step-544   | loss: 7.281 | avg time: 0.182 | max memory: 31228.685 | seq len:       7093
step-545   | loss: 6.438 | avg time: 0.182 | max memory: 31228.685 | seq len:       7095
step-546   | loss: 6.125 | avg time: 0.182 | max memory: 31228.685 | seq len:       7097
step-547   | loss: 7.406 | avg time: 0.182 | max memory: 31228.685 | seq len:       7096
step-548   | loss: 7.156 | avg time: 0.182 | max memory: 31228.685 | seq len:       7094
step-549   | loss: 6.531 | avg time: 0.182 | max memory: 31228.685 | seq len:       7096
step-550   | loss: 7.625 | avg time: 0.182 | max memory: 31228.685 | seq len:       7091
step-551   | loss: 5.812 | avg time: 0.182 | max memory: 31228.685 | seq len:       7093
step-552   | loss: 6.344 | avg time: 0.182 | max memory: 31228.685 | seq len:       7094
step-553   | loss: 7.125 | avg time: 0.182 | max memory: 31228.685 | seq len:       7095
step-554   | loss: 6.188 | avg time: 0.182 | max memory: 31228.685 | seq len:       7096
step-555   | loss: 6.938 | avg time: 0.182 | max memory: 31228.685 | seq len:       7090
step-556   | loss: 7.438 | avg time: 0.182 | max memory: 31228.685 | seq len:       7088
step-557   | loss: 6.406 | avg time: 0.182 | max memory: 31228.685 | seq len:       7089
step-558   | loss: 6.188 | avg time: 0.182 | max memory: 31228.685 | seq len:       7092
step-559   | loss: 7.000 | avg time: 0.182 | max memory: 31228.685 | seq len:       7090
step-560   | loss: 6.344 | avg time: 0.182 | max memory: 31228.685 | seq len:       7090
step-561   | loss: 6.656 | avg time: 0.182 | max memory: 31228.685 | seq len:       7091
step-562   | loss: 6.906 | avg time: 0.182 | max memory: 31228.685 | seq len:       7080
step-563   | loss: 6.062 | avg time: 0.182 | max memory: 31228.685 | seq len:       7079
step-564   | loss: 6.969 | avg time: 0.182 | max memory: 31228.685 | seq len:       7080
step-565   | loss: 6.125 | avg time: 0.182 | max memory: 31228.685 | seq len:       7085
step-566   | loss: 6.562 | avg time: 0.182 | max memory: 31228.685 | seq len:       7085
step-567   | loss: 6.156 | avg time: 0.182 | max memory: 31228.685 | seq len:       7082
step-568   | loss: 7.531 | avg time: 0.182 | max memory: 31228.685 | seq len:       7075
step-569   | loss: 6.375 | avg time: 0.182 | max memory: 31228.685 | seq len:       7076
step-570   | loss: 6.031 | avg time: 0.182 | max memory: 31228.685 | seq len:       7080
step-571   | loss: 6.219 | avg time: 0.182 | max memory: 31228.685 | seq len:       7080
step-572   | loss: 7.156 | avg time: 0.182 | max memory: 31228.685 | seq len:       7081
step-573   | loss: 6.969 | avg time: 0.182 | max memory: 31228.685 | seq len:       7080
step-574   | loss: 5.844 | avg time: 0.182 | max memory: 31228.685 | seq len:       7082
step-575   | loss: 6.531 | avg time: 0.182 | max memory: 31228.685 | seq len:       7082
step-576   | loss: 6.281 | avg time: 0.182 | max memory: 31228.685 | seq len:       7084
step-577   | loss: 5.906 | avg time: 0.182 | max memory: 31228.685 | seq len:       7088
step-578   | loss: 5.625 | avg time: 0.182 | max memory: 31228.685 | seq len:       7090
step-579   | loss: 7.219 | avg time: 0.182 | max memory: 31228.685 | seq len:       7088
step-580   | loss: 6.188 | avg time: 0.182 | max memory: 31228.685 | seq len:       7090
step-581   | loss: 5.406 | avg time: 0.182 | max memory: 31228.685 | seq len:       7092
step-582   | loss: 6.719 | avg time: 0.182 | max memory: 31228.685 | seq len:       7093
step-583   | loss: 7.250 | avg time: 0.182 | max memory: 31228.685 | seq len:       7091
step-584   | loss: 5.969 | avg time: 0.182 | max memory: 31228.685 | seq len:       7093
step-585   | loss: 5.750 | avg time: 0.182 | max memory: 31228.685 | seq len:       7097
step-586   | loss: 6.562 | avg time: 0.182 | max memory: 31228.685 | seq len:       7096
step-587   | loss: 6.531 | avg time: 0.182 | max memory: 31228.685 | seq len:       7094
step-588   | loss: 7.938 | avg time: 0.182 | max memory: 31228.685 | seq len:       7091
step-589   | loss: 6.875 | avg time: 0.182 | max memory: 31228.685 | seq len:       7092
step-590   | loss: 6.281 | avg time: 0.182 | max memory: 31228.685 | seq len:       7093
step-591   | loss: 6.156 | avg time: 0.182 | max memory: 31228.685 | seq len:       7094
step-592   | loss: 6.344 | avg time: 0.182 | max memory: 31228.685 | seq len:       7094
step-593   | loss: 7.375 | avg time: 0.182 | max memory: 31228.685 | seq len:       7091
step-594   | loss: 6.219 | avg time: 0.182 | max memory: 31228.685 | seq len:       7094
step-595   | loss: 5.438 | avg time: 0.182 | max memory: 31228.685 | seq len:       7099
step-596   | loss: 6.656 | avg time: 0.182 | max memory: 31228.685 | seq len:       7099
step-597   | loss: 6.344 | avg time: 0.182 | max memory: 31228.685 | seq len:       7105
step-598   | loss: 6.250 | avg time: 0.182 | max memory: 31228.685 | seq len:       7100
step-599   | loss: 5.969 | avg time: 0.182 | max memory: 31228.685 | seq len:       7102
step-600   | loss: 6.500 | avg time: 0.182 | max memory: 31228.685 | seq len:       7102
step-601   | loss: 6.500 | avg time: 0.182 | max memory: 31228.685 | seq len:       7100
step-602   | loss: 6.500 | avg time: 0.182 | max memory: 31228.685 | seq len:       7102
step-603   | loss: 7.469 | avg time: 0.182 | max memory: 31228.685 | seq len:       7100
step-604   | loss: 5.844 | avg time: 0.182 | max memory: 31228.685 | seq len:       7102
step-605   | loss: 6.312 | avg time: 0.182 | max memory: 31228.685 | seq len:       7101
step-606   | loss: 6.719 | avg time: 0.182 | max memory: 31228.685 | seq len:       7100
step-607   | loss: 6.250 | avg time: 0.182 | max memory: 31228.685 | seq len:       7103
step-608   | loss: 5.625 | avg time: 0.182 | max memory: 31228.685 | seq len:       7108
step-609   | loss: 6.344 | avg time: 0.182 | max memory: 31228.685 | seq len:       7108
step-610   | loss: 6.469 | avg time: 0.182 | max memory: 31228.685 | seq len:       7107
step-611   | loss: 6.469 | avg time: 0.182 | max memory: 31228.685 | seq len:       7109
step-612   | loss: 6.250 | avg time: 0.182 | max memory: 31228.685 | seq len:       7107
step-613   | loss: 6.000 | avg time: 0.182 | max memory: 31228.685 | seq len:       7109
step-614   | loss: 6.719 | avg time: 0.182 | max memory: 31228.685 | seq len:       7109
step-615   | loss: 6.688 | avg time: 0.182 | max memory: 31228.685 | seq len:       7107
step-616   | loss: 6.469 | avg time: 0.182 | max memory: 31228.685 | seq len:       7106
step-617   | loss: 5.688 | avg time: 0.182 | max memory: 31228.685 | seq len:       7108
step-618   | loss: 5.875 | avg time: 0.182 | max memory: 31228.685 | seq len:       7110
step-619   | loss: 7.094 | avg time: 0.182 | max memory: 31228.685 | seq len:       7108
step-620   | loss: 7.125 | avg time: 0.182 | max memory: 31228.685 | seq len:       7107
step-621   | loss: 6.406 | avg time: 0.182 | max memory: 31228.685 | seq len:       7105
step-622   | loss: 6.406 | avg time: 0.182 | max memory: 31228.685 | seq len:       7106
step-623   | loss: 6.938 | avg time: 0.182 | max memory: 31228.685 | seq len:       7104
step-624   | loss: 6.125 | avg time: 0.182 | max memory: 31228.685 | seq len:       7106
step-625   | loss: 7.062 | avg time: 0.182 | max memory: 31228.685 | seq len:       7095
step-626   | loss: 7.688 | avg time: 0.182 | max memory: 31228.685 | seq len:       7090
step-627   | loss: 10.125 | avg time: 0.182 | max memory: 31228.685 | seq len:       7090
step-628   | loss: 6.625 | avg time: 0.182 | max memory: 31228.685 | seq len:       7091
step-629   | loss: 6.812 | avg time: 0.182 | max memory: 31228.685 | seq len:       7089
step-630   | loss: 5.750 | avg time: 0.182 | max memory: 31228.685 | seq len:       7090
step-631   | loss: 6.344 | avg time: 0.182 | max memory: 31228.685 | seq len:       7091
step-632   | loss: 6.031 | avg time: 0.182 | max memory: 31228.685 | seq len:       7088
step-633   | loss: 6.531 | avg time: 0.182 | max memory: 31228.685 | seq len:       7087
step-634   | loss: 7.000 | avg time: 0.182 | max memory: 31228.685 | seq len:       7083
step-635   | loss: 6.812 | avg time: 0.182 | max memory: 31228.685 | seq len:       7082
step-636   | loss: 5.688 | avg time: 0.182 | max memory: 31228.685 | seq len:       7081
step-637   | loss: 6.875 | avg time: 0.182 | max memory: 31228.685 | seq len:       7080
step-638   | loss: 6.438 | avg time: 0.182 | max memory: 31228.685 | seq len:       7078
step-639   | loss: 7.656 | avg time: 0.182 | max memory: 31228.685 | seq len:       7075
step-640   | loss: 5.688 | avg time: 0.182 | max memory: 31228.685 | seq len:       7078
step-641   | loss: 6.500 | avg time: 0.182 | max memory: 31228.685 | seq len:       7078
step-642   | loss: 6.312 | avg time: 0.182 | max memory: 31228.685 | seq len:       7080
step-643   | loss: 6.469 | avg time: 0.182 | max memory: 31228.685 | seq len:       7082
step-644   | loss: 5.562 | avg time: 0.182 | max memory: 31228.685 | seq len:       7085
step-645   | loss: 6.031 | avg time: 0.182 | max memory: 31228.685 | seq len:       7087
step-646   | loss: 6.656 | avg time: 0.182 | max memory: 31228.685 | seq len:       7085
step-647   | loss: 5.438 | avg time: 0.182 | max memory: 31228.685 | seq len:       7088
step-648   | loss: 5.719 | avg time: 0.182 | max memory: 31228.685 | seq len:       7093
step-649   | loss: 5.781 | avg time: 0.182 | max memory: 31228.685 | seq len:       7096
step-650   | loss: 5.938 | avg time: 0.182 | max memory: 31228.685 | seq len:       7097
step-651   | loss: 6.125 | avg time: 0.182 | max memory: 31228.685 | seq len:       7098
step-652   | loss: 6.688 | avg time: 0.182 | max memory: 31228.685 | seq len:       7098
step-653   | loss: 7.000 | avg time: 0.182 | max memory: 31228.685 | seq len:       7096
step-654   | loss: 7.094 | avg time: 0.182 | max memory: 31228.685 | seq len:       7095
step-655   | loss: 6.125 | avg time: 0.182 | max memory: 31228.685 | seq len:       7095
step-656   | loss: 6.812 | avg time: 0.182 | max memory: 31228.685 | seq len:       7095
step-657   | loss: 6.219 | avg time: 0.182 | max memory: 31228.685 | seq len:       7097
step-658   | loss: 5.875 | avg time: 0.182 | max memory: 31228.685 | seq len:       7098
step-659   | loss: 5.938 | avg time: 0.182 | max memory: 31228.685 | seq len:       7097
step-660   | loss: 5.875 | avg time: 0.182 | max memory: 31228.685 | seq len:       7098
step-661   | loss: 6.969 | avg time: 0.182 | max memory: 31228.685 | seq len:       7092
step-662   | loss: 6.250 | avg time: 0.182 | max memory: 31228.685 | seq len:       7092
step-663   | loss: 7.094 | avg time: 0.182 | max memory: 31228.685 | seq len:       7089
step-664   | loss: 5.844 | avg time: 0.182 | max memory: 31228.685 | seq len:       7089
step-665   | loss: 5.656 | avg time: 0.182 | max memory: 31228.685 | seq len:       7092
step-666   | loss: 5.938 | avg time: 0.182 | max memory: 31228.685 | seq len:       7090
step-667   | loss: 6.375 | avg time: 0.182 | max memory: 31228.685 | seq len:       7088
step-668   | loss: 6.781 | avg time: 0.182 | max memory: 31228.685 | seq len:       7088
step-669   | loss: 6.688 | avg time: 0.182 | max memory: 31228.685 | seq len:       7088
step-670   | loss: 6.844 | avg time: 0.182 | max memory: 31228.685 | seq len:       7087
step-671   | loss: 5.688 | avg time: 0.182 | max memory: 31228.685 | seq len:       7089
step-672   | loss: 6.812 | avg time: 0.182 | max memory: 31228.685 | seq len:       7087
step-673   | loss: 6.625 | avg time: 0.182 | max memory: 31228.685 | seq len:       7086
step-674   | loss: 6.969 | avg time: 0.182 | max memory: 31228.685 | seq len:       7083
step-675   | loss: 6.156 | avg time: 0.182 | max memory: 31228.685 | seq len:       7085
step-676   | loss: 7.156 | avg time: 0.182 | max memory: 31228.685 | seq len:       7083
step-677   | loss: 6.500 | avg time: 0.182 | max memory: 31228.685 | seq len:       7074
step-678   | loss: 5.875 | avg time: 0.182 | max memory: 31228.685 | seq len:       7077
step-679   | loss: 5.906 | avg time: 0.182 | max memory: 31228.685 | seq len:       7078
step-680   | loss: 6.438 | avg time: 0.182 | max memory: 31228.685 | seq len:       7076
step-681   | loss: 5.688 | avg time: 0.182 | max memory: 31228.685 | seq len:       7078
step-682   | loss: 6.094 | avg time: 0.182 | max memory: 31228.685 | seq len:       7078
step-683   | loss: 5.625 | avg time: 0.182 | max memory: 31228.685 | seq len:       7076
step-684   | loss: 5.438 | avg time: 0.182 | max memory: 31228.685 | seq len:       7079
step-685   | loss: 5.344 | avg time: 0.182 | max memory: 31228.685 | seq len:       7082
step-686   | loss: 6.344 | avg time: 0.182 | max memory: 31228.685 | seq len:       7081
step-687   | loss: 7.188 | avg time: 0.182 | max memory: 31228.685 | seq len:       7078
step-688   | loss: 6.375 | avg time: 0.182 | max memory: 31228.685 | seq len:       7081
step-689   | loss: 6.469 | avg time: 0.182 | max memory: 31228.685 | seq len:       7081
step-690   | loss: 6.031 | avg time: 0.182 | max memory: 31228.685 | seq len:       7081
step-691   | loss: 6.438 | avg time: 0.182 | max memory: 31228.685 | seq len:       7080
step-692   | loss: 6.969 | avg time: 0.182 | max memory: 31228.685 | seq len:       7077
step-693   | loss: 6.312 | avg time: 0.182 | max memory: 31228.685 | seq len:       7075
step-694   | loss: 6.094 | avg time: 0.182 | max memory: 31228.685 | seq len:       7069
step-695   | loss: 5.500 | avg time: 0.182 | max memory: 31228.685 | seq len:       7075
step-696   | loss: 6.344 | avg time: 0.182 | max memory: 31228.685 | seq len:       7074
step-697   | loss: 4.969 | avg time: 0.182 | max memory: 31228.685 | seq len:       7075
step-698   | loss: 5.844 | avg time: 0.182 | max memory: 31228.685 | seq len:       7076
step-699   | loss: 5.844 | avg time: 0.182 | max memory: 31228.685 | seq len:       7079
step-700   | loss: 6.656 | avg time: 0.182 | max memory: 31228.685 | seq len:       7079
step-701   | loss: 6.375 | avg time: 0.182 | max memory: 31228.685 | seq len:       7075
step-702   | loss: 5.500 | avg time: 0.182 | max memory: 31228.685 | seq len:       7076
step-703   | loss: 6.250 | avg time: 0.182 | max memory: 31228.685 | seq len:       7070
step-704   | loss: 5.594 | avg time: 0.182 | max memory: 31228.685 | seq len:       7071
step-705   | loss: 6.438 | avg time: 0.182 | max memory: 31228.685 | seq len:       7071
step-706   | loss: 5.781 | avg time: 0.182 | max memory: 31228.685 | seq len:       7070
step-707   | loss: 6.062 | avg time: 0.182 | max memory: 31228.685 | seq len:       7071
step-708   | loss: 6.844 | avg time: 0.182 | max memory: 31228.685 | seq len:       7068
step-709   | loss: 6.438 | avg time: 0.182 | max memory: 31228.685 | seq len:       7068
step-710   | loss: 6.062 | avg time: 0.182 | max memory: 31228.685 | seq len:       7068
step-711   | loss: 6.688 | avg time: 0.182 | max memory: 31228.685 | seq len:       7066
step-712   | loss: 6.031 | avg time: 0.182 | max memory: 31228.685 | seq len:       7067
step-713   | loss: 5.844 | avg time: 0.182 | max memory: 31228.685 | seq len:       7068
step-714   | loss: 7.000 | avg time: 0.182 | max memory: 31228.685 | seq len:       7066
step-715   | loss: 6.625 | avg time: 0.182 | max memory: 31228.685 | seq len:       7063
step-716   | loss: 5.969 | avg time: 0.182 | max memory: 31228.685 | seq len:       7062
step-717   | loss: 6.438 | avg time: 0.182 | max memory: 31228.685 | seq len:       7061
step-718   | loss: 5.656 | avg time: 0.182 | max memory: 31228.685 | seq len:       7063
step-719   | loss: 6.344 | avg time: 0.182 | max memory: 31228.685 | seq len:       7060
step-720   | loss: 7.344 | avg time: 0.182 | max memory: 31228.685 | seq len:       7058
step-721   | loss: 5.719 | avg time: 0.182 | max memory: 31228.685 | seq len:       7060
step-722   | loss: 5.594 | avg time: 0.182 | max memory: 31228.685 | seq len:       7063
step-723   | loss: 6.656 | avg time: 0.182 | max memory: 31228.685 | seq len:       7064
step-724   | loss: 6.594 | avg time: 0.182 | max memory: 31228.685 | seq len:       7064
step-725   | loss: 6.062 | avg time: 0.182 | max memory: 31228.685 | seq len:       7063
step-726   | loss: 5.594 | avg time: 0.182 | max memory: 31228.685 | seq len:       7059
step-727   | loss: 5.969 | avg time: 0.182 | max memory: 31228.685 | seq len:       7061
step-728   | loss: 6.250 | avg time: 0.182 | max memory: 31228.685 | seq len:       7061
step-729   | loss: 6.000 | avg time: 0.182 | max memory: 31228.685 | seq len:       7061
step-730   | loss: 5.719 | avg time: 0.182 | max memory: 31228.685 | seq len:       7061
step-731   | loss: 5.250 | avg time: 0.182 | max memory: 31228.685 | seq len:       7064
step-732   | loss: 6.062 | avg time: 0.182 | max memory: 31228.685 | seq len:       7061
step-733   | loss: 5.469 | avg time: 0.182 | max memory: 31228.685 | seq len:       7065
step-734   | loss: 5.719 | avg time: 0.182 | max memory: 31228.685 | seq len:       7066
step-735   | loss: 6.000 | avg time: 0.182 | max memory: 31228.685 | seq len:       7066
step-736   | loss: 5.938 | avg time: 0.182 | max memory: 31228.685 | seq len:       7066
step-737   | loss: 5.406 | avg time: 0.182 | max memory: 31228.685 | seq len:       7067
step-738   | loss: 6.719 | avg time: 0.182 | max memory: 31228.685 | seq len:       7066
step-739   | loss: 5.500 | avg time: 0.182 | max memory: 31228.685 | seq len:       7068
step-740   | loss: 6.250 | avg time: 0.182 | max memory: 31228.685 | seq len:       7068
step-741   | loss: 5.875 | avg time: 0.182 | max memory: 31228.685 | seq len:       7071
step-742   | loss: 6.438 | avg time: 0.182 | max memory: 31228.685 | seq len:       7069
step-743   | loss: 5.750 | avg time: 0.182 | max memory: 31228.685 | seq len:       7070
step-744   | loss: 6.781 | avg time: 0.182 | max memory: 31228.685 | seq len:       7069
step-745   | loss: 5.844 | avg time: 0.182 | max memory: 31228.685 | seq len:       7066
step-746   | loss: 6.938 | avg time: 0.182 | max memory: 31228.685 | seq len:       7065
step-747   | loss: 5.844 | avg time: 0.182 | max memory: 31228.685 | seq len:       7062
step-748   | loss: 6.000 | avg time: 0.182 | max memory: 31228.685 | seq len:       7064
step-749   | loss: 5.375 | avg time: 0.182 | max memory: 31228.685 | seq len:       7064
step-750   | loss: 5.594 | avg time: 0.182 | max memory: 31228.685 | seq len:       7065
step-751   | loss: 6.438 | avg time: 0.182 | max memory: 31228.685 | seq len:       7065
step-752   | loss: 6.156 | avg time: 0.182 | max memory: 31228.685 | seq len:       7065
step-753   | loss: 5.750 | avg time: 0.182 | max memory: 31228.685 | seq len:       7065
step-754   | loss: 6.406 | avg time: 0.182 | max memory: 31228.685 | seq len:       7064
step-755   | loss: 5.531 | avg time: 0.182 | max memory: 31228.685 | seq len:       7066
step-756   | loss: 5.875 | avg time: 0.182 | max memory: 31228.685 | seq len:       7066
step-757   | loss: 6.688 | avg time: 0.182 | max memory: 31228.685 | seq len:       7064
step-758   | loss: 6.094 | avg time: 0.182 | max memory: 31228.685 | seq len:       7064
step-759   | loss: 8.562 | avg time: 0.182 | max memory: 31228.685 | seq len:       7055
step-760   | loss: 7.094 | avg time: 0.182 | max memory: 31228.685 | seq len:       7052
step-761   | loss: 6.812 | avg time: 0.182 | max memory: 31228.685 | seq len:       7051
step-762   | loss: 5.375 | avg time: 0.182 | max memory: 31228.685 | seq len:       7054
step-763   | loss: 6.344 | avg time: 0.182 | max memory: 31228.685 | seq len:       7053
step-764   | loss: 7.219 | avg time: 0.182 | max memory: 31228.685 | seq len:       7050
step-765   | loss: 6.906 | avg time: 0.182 | max memory: 31228.685 | seq len:       7050
step-766   | loss: 7.656 | avg time: 0.182 | max memory: 31228.685 | seq len:       7048
step-767   | loss: 6.219 | avg time: 0.182 | max memory: 31228.685 | seq len:       7048
step-768   | loss: 6.219 | avg time: 0.182 | max memory: 31228.685 | seq len:       7047
step-769   | loss: 4.969 | avg time: 0.182 | max memory: 31228.685 | seq len:       7045
step-770   | loss: 6.500 | avg time: 0.182 | max memory: 31228.685 | seq len:       7044
step-771   | loss: 6.094 | avg time: 0.182 | max memory: 31228.685 | seq len:       7044
step-772   | loss: 5.625 | avg time: 0.182 | max memory: 31228.685 | seq len:       7046
step-773   | loss: 5.594 | avg time: 0.182 | max memory: 31228.685 | seq len:       7047
step-774   | loss: 5.938 | avg time: 0.182 | max memory: 31228.685 | seq len:       7053
step-775   | loss: 6.344 | avg time: 0.182 | max memory: 31228.685 | seq len:       7051
step-776   | loss: 5.531 | avg time: 0.182 | max memory: 31228.685 | seq len:       7051
step-777   | loss: 6.188 | avg time: 0.182 | max memory: 31228.685 | seq len:       7051
step-778   | loss: 6.312 | avg time: 0.182 | max memory: 31228.685 | seq len:       7052
step-779   | loss: 6.406 | avg time: 0.182 | max memory: 31228.685 | seq len:       7051
step-780   | loss: 5.844 | avg time: 0.182 | max memory: 31228.685 | seq len:       7055
step-781   | loss: 5.562 | avg time: 0.182 | max memory: 31228.685 | seq len:       7057
step-782   | loss: 5.531 | avg time: 0.182 | max memory: 31228.685 | seq len:       7057
step-783   | loss: 6.594 | avg time: 0.182 | max memory: 31228.685 | seq len:       7056
step-784   | loss: 5.938 | avg time: 0.182 | max memory: 31228.685 | seq len:       7056
step-785   | loss: 5.531 | avg time: 0.182 | max memory: 31228.685 | seq len:       7057
step-786   | loss: 5.750 | avg time: 0.182 | max memory: 31228.685 | seq len:       7058
step-787   | loss: 5.656 | avg time: 0.182 | max memory: 31228.685 | seq len:       7060
step-788   | loss: 5.812 | avg time: 0.182 | max memory: 31228.685 | seq len:       7060
step-789   | loss: 5.125 | avg time: 0.182 | max memory: 31228.685 | seq len:       7058
step-790   | loss: 6.625 | avg time: 0.182 | max memory: 31228.685 | seq len:       7054
step-791   | loss: 5.250 | avg time: 0.182 | max memory: 31228.685 | seq len:       7054
step-792   | loss: 5.781 | avg time: 0.182 | max memory: 31228.685 | seq len:       7055
step-793   | loss: 5.375 | avg time: 0.182 | max memory: 31228.685 | seq len:       7057
step-794   | loss: 5.719 | avg time: 0.182 | max memory: 31228.685 | seq len:       7057
step-795   | loss: 5.344 | avg time: 0.182 | max memory: 31228.685 | seq len:       7059
step-796   | loss: 6.844 | avg time: 0.182 | max memory: 31228.685 | seq len:       7055
step-797   | loss: 6.250 | avg time: 0.182 | max memory: 31228.685 | seq len:       7055
step-798   | loss: 5.219 | avg time: 0.182 | max memory: 31228.685 | seq len:       7056
step-799   | loss: 6.312 | avg time: 0.182 | max memory: 31228.685 | seq len:       7057
step-800   | loss: 6.844 | avg time: 0.182 | max memory: 31228.685 | seq len:       7055
step-801   | loss: 6.531 | avg time: 0.182 | max memory: 31228.685 | seq len:       7054
step-802   | loss: 6.281 | avg time: 0.182 | max memory: 31228.685 | seq len:       7053
step-803   | loss: 5.500 | avg time: 0.182 | max memory: 31228.685 | seq len:       7054
step-804   | loss: 6.094 | avg time: 0.182 | max memory: 31228.685 | seq len:       7054
step-805   | loss: 5.781 | avg time: 0.182 | max memory: 31228.685 | seq len:       7055
step-806   | loss: 7.375 | avg time: 0.182 | max memory: 31228.685 | seq len:       7050
step-807   | loss: 6.312 | avg time: 0.182 | max memory: 31228.685 | seq len:       7048
step-808   | loss: 6.688 | avg time: 0.182 | max memory: 31228.685 | seq len:       7046
step-809   | loss: 5.656 | avg time: 0.182 | max memory: 31228.685 | seq len:       7047
step-810   | loss: 5.406 | avg time: 0.182 | max memory: 31228.685 | seq len:       7048
step-811   | loss: 6.250 | avg time: 0.182 | max memory: 31228.685 | seq len:       7040
step-812   | loss: 5.906 | avg time: 0.182 | max memory: 31228.685 | seq len:       7040
step-813   | loss: 5.688 | avg time: 0.182 | max memory: 31228.685 | seq len:       7040
step-814   | loss: 6.500 | avg time: 0.182 | max memory: 31228.685 | seq len:       7038
step-815   | loss: 6.812 | avg time: 0.182 | max memory: 31228.685 | seq len:       7038
step-816   | loss: 7.062 | avg time: 0.182 | max memory: 31228.685 | seq len:       7030
step-817   | loss: 5.594 | avg time: 0.182 | max memory: 31228.685 | seq len:       7030
step-818   | loss: 5.469 | avg time: 0.182 | max memory: 31228.685 | seq len:       7031
step-819   | loss: 5.844 | avg time: 0.182 | max memory: 31228.685 | seq len:       7030
step-820   | loss: 5.406 | avg time: 0.182 | max memory: 31228.685 | seq len:       7030
step-821   | loss: 5.438 | avg time: 0.182 | max memory: 31228.685 | seq len:       7031
step-822   | loss: 4.875 | avg time: 0.182 | max memory: 31228.685 | seq len:       7035
step-823   | loss: 5.188 | avg time: 0.182 | max memory: 31228.685 | seq len:       7038
step-824   | loss: 5.812 | avg time: 0.182 | max memory: 31228.685 | seq len:       7038
step-825   | loss: 5.625 | avg time: 0.182 | max memory: 31228.685 | seq len:       7039
step-826   | loss: 6.406 | avg time: 0.182 | max memory: 31228.685 | seq len:       7037
step-827   | loss: 5.906 | avg time: 0.182 | max memory: 31228.685 | seq len:       7037
step-828   | loss: 5.406 | avg time: 0.182 | max memory: 31228.685 | seq len:       7037
step-829   | loss: 5.188 | avg time: 0.182 | max memory: 31228.685 | seq len:       7038
step-830   | loss: 6.625 | avg time: 0.182 | max memory: 31228.685 | seq len:       7035
step-831   | loss: 4.875 | avg time: 0.182 | max memory: 31228.685 | seq len:       7039
step-832   | loss: 6.562 | avg time: 0.182 | max memory: 31228.685 | seq len:       7036
step-833   | loss: 6.344 | avg time: 0.182 | max memory: 31228.685 | seq len:       7038
step-834   | loss: 6.156 | avg time: 0.182 | max memory: 31228.685 | seq len:       7037
step-835   | loss: 5.938 | avg time: 0.182 | max memory: 31228.685 | seq len:       7037
step-836   | loss: 6.500 | avg time: 0.182 | max memory: 31228.685 | seq len:       7036
step-837   | loss: 5.094 | avg time: 0.182 | max memory: 31228.685 | seq len:       7038
step-838   | loss: 5.469 | avg time: 0.182 | max memory: 31228.685 | seq len:       7040
step-839   | loss: 5.344 | avg time: 0.182 | max memory: 31228.685 | seq len:       7041
step-840   | loss: 6.125 | avg time: 0.182 | max memory: 31228.685 | seq len:       7040
step-841   | loss: 7.281 | avg time: 0.182 | max memory: 31228.685 | seq len:       7038
step-842   | loss: 5.719 | avg time: 0.182 | max memory: 31228.685 | seq len:       7038
step-843   | loss: 5.219 | avg time: 0.182 | max memory: 31228.685 | seq len:       7040
step-844   | loss: 5.406 | avg time: 0.182 | max memory: 31228.685 | seq len:       7040
step-845   | loss: 5.219 | avg time: 0.182 | max memory: 31228.685 | seq len:       7043
step-846   | loss: 6.250 | avg time: 0.182 | max memory: 31228.685 | seq len:       7042
step-847   | loss: 6.156 | avg time: 0.182 | max memory: 31228.685 | seq len:       7042
step-848   | loss: 5.688 | avg time: 0.182 | max memory: 31228.685 | seq len:       7042
step-849   | loss: 6.375 | avg time: 0.182 | max memory: 31228.685 | seq len:       7040
step-850   | loss: 6.469 | avg time: 0.182 | max memory: 31228.685 | seq len:       7039
step-851   | loss: 5.531 | avg time: 0.182 | max memory: 31228.685 | seq len:       7042
step-852   | loss: 6.594 | avg time: 0.182 | max memory: 31228.685 | seq len:       7042
step-853   | loss: 5.719 | avg time: 0.182 | max memory: 31228.685 | seq len:       7042
step-854   | loss: 6.219 | avg time: 0.182 | max memory: 31228.685 | seq len:       7042
step-855   | loss: 5.125 | avg time: 0.182 | max memory: 31228.685 | seq len:       7040
step-856   | loss: 6.875 | avg time: 0.182 | max memory: 31228.685 | seq len:       7039
step-857   | loss: 5.469 | avg time: 0.182 | max memory: 31228.685 | seq len:       7041
step-858   | loss: 6.188 | avg time: 0.182 | max memory: 31228.685 | seq len:       7040
step-859   | loss: 6.125 | avg time: 0.182 | max memory: 31228.685 | seq len:       7039
step-860   | loss: 5.969 | avg time: 0.182 | max memory: 31228.685 | seq len:       7041
step-861   | loss: 5.125 | avg time: 0.182 | max memory: 31228.685 | seq len:       7043
step-862   | loss: 5.219 | avg time: 0.182 | max memory: 31228.685 | seq len:       7043
step-863   | loss: 6.375 | avg time: 0.182 | max memory: 31228.685 | seq len:       7043
step-864   | loss: 5.656 | avg time: 0.182 | max memory: 31228.685 | seq len:       7044
step-865   | loss: 5.469 | avg time: 0.182 | max memory: 31228.685 | seq len:       7043
step-866   | loss: 5.375 | avg time: 0.182 | max memory: 31228.685 | seq len:       7044
step-867   | loss: 6.594 | avg time: 0.182 | max memory: 31228.685 | seq len:       7039
step-868   | loss: 6.812 | avg time: 0.182 | max memory: 31228.685 | seq len:       7040
step-869   | loss: 5.188 | avg time: 0.182 | max memory: 31228.685 | seq len:       7042
step-870   | loss: 5.562 | avg time: 0.182 | max memory: 31228.685 | seq len:       7041
step-871   | loss: 7.344 | avg time: 0.182 | max memory: 31228.685 | seq len:       7038
step-872   | loss: 5.000 | avg time: 0.182 | max memory: 31228.685 | seq len:       7039
step-873   | loss: 5.781 | avg time: 0.182 | max memory: 31228.685 | seq len:       7039
step-874   | loss: 5.625 | avg time: 0.182 | max memory: 31228.685 | seq len:       7041
step-875   | loss: 6.438 | avg time: 0.182 | max memory: 31228.685 | seq len:       7039
step-876   | loss: 6.844 | avg time: 0.182 | max memory: 31228.685 | seq len:       7038
step-877   | loss: 5.562 | avg time: 0.182 | max memory: 31228.685 | seq len:       7038
step-878   | loss: 5.156 | avg time: 0.182 | max memory: 31228.685 | seq len:       7041
step-879   | loss: 6.781 | avg time: 0.182 | max memory: 31228.685 | seq len:       7040
step-880   | loss: 5.031 | avg time: 0.182 | max memory: 31228.685 | seq len:       7043
step-881   | loss: 5.625 | avg time: 0.182 | max memory: 31228.685 | seq len:       7044
step-882   | loss: 6.625 | avg time: 0.182 | max memory: 31228.685 | seq len:       7044
step-883   | loss: 4.750 | avg time: 0.182 | max memory: 31228.685 | seq len:       7042
step-884   | loss: 5.750 | avg time: 0.182 | max memory: 31228.685 | seq len:       7041
step-885   | loss: 6.969 | avg time: 0.182 | max memory: 31228.685 | seq len:       7039
step-886   | loss: 6.531 | avg time: 0.182 | max memory: 31228.685 | seq len:       7038
step-887   | loss: 5.969 | avg time: 0.182 | max memory: 31228.685 | seq len:       7037
step-888   | loss: 5.406 | avg time: 0.182 | max memory: 31228.685 | seq len:       7039
step-889   | loss: 5.594 | avg time: 0.182 | max memory: 31228.685 | seq len:       7041
step-890   | loss: 6.156 | avg time: 0.182 | max memory: 31228.685 | seq len:       7041
step-891   | loss: 5.750 | avg time: 0.182 | max memory: 31228.685 | seq len:       7042
step-892   | loss: 5.844 | avg time: 0.182 | max memory: 31228.685 | seq len:       7044
step-893   | loss: 6.938 | avg time: 0.182 | max memory: 31228.685 | seq len:       7042
step-894   | loss: 5.438 | avg time: 0.182 | max memory: 31228.685 | seq len:       7043
step-895   | loss: 4.750 | avg time: 0.182 | max memory: 31228.685 | seq len:       7045
step-896   | loss: 6.531 | avg time: 0.182 | max memory: 31228.685 | seq len:       7046
step-897   | loss: 5.812 | avg time: 0.182 | max memory: 31228.685 | seq len:       7046
step-898   | loss: 5.156 | avg time: 0.182 | max memory: 31228.685 | seq len:       7049
step-899   | loss: 5.500 | avg time: 0.182 | max memory: 31228.685 | seq len:       7052
step-900   | loss: 7.094 | avg time: 0.182 | max memory: 31228.685 | seq len:       7047
step-901   | loss: 4.781 | avg time: 0.182 | max memory: 31228.685 | seq len:       7049
step-902   | loss: 7.156 | avg time: 0.182 | max memory: 31228.685 | seq len:       7047
step-903   | loss: 6.219 | avg time: 0.182 | max memory: 31228.685 | seq len:       7047
step-904   | loss: 5.594 | avg time: 0.182 | max memory: 31228.685 | seq len:       7046
step-905   | loss: 6.750 | avg time: 0.182 | max memory: 31228.685 | seq len:       7044
step-906   | loss: 6.406 | avg time: 0.182 | max memory: 31228.685 | seq len:       7043
step-907   | loss: 5.844 | avg time: 0.182 | max memory: 31228.685 | seq len:       7042
step-908   | loss: 6.438 | avg time: 0.182 | max memory: 31228.685 | seq len:       7043
step-909   | loss: 5.250 | avg time: 0.182 | max memory: 31228.685 | seq len:       7044
step-910   | loss: 5.875 | avg time: 0.182 | max memory: 31228.685 | seq len:       7043
step-911   | loss: 5.312 | avg time: 0.182 | max memory: 31228.685 | seq len:       7045
step-912   | loss: 5.281 | avg time: 0.182 | max memory: 31228.685 | seq len:       7048
step-913   | loss: 5.000 | avg time: 0.182 | max memory: 31228.685 | seq len:       7050
step-914   | loss: 5.531 | avg time: 0.182 | max memory: 31228.685 | seq len:       7050
step-915   | loss: 5.938 | avg time: 0.182 | max memory: 31228.685 | seq len:       7051
step-916   | loss: 5.156 | avg time: 0.182 | max memory: 31228.685 | seq len:       7052
step-917   | loss: 5.906 | avg time: 0.182 | max memory: 31228.685 | seq len:       7052
step-918   | loss: 6.062 | avg time: 0.182 | max memory: 31228.685 | seq len:       7051
step-919   | loss: 5.906 | avg time: 0.182 | max memory: 31228.685 | seq len:       7051
step-920   | loss: 5.438 | avg time: 0.182 | max memory: 31228.685 | seq len:       7053
step-921   | loss: 5.312 | avg time: 0.182 | max memory: 31228.685 | seq len:       7054
step-922   | loss: 6.469 | avg time: 0.182 | max memory: 31228.685 | seq len:       7051
step-923   | loss: 6.094 | avg time: 0.182 | max memory: 31228.685 | seq len:       7047
step-924   | loss: 5.438 | avg time: 0.182 | max memory: 31228.685 | seq len:       7047
step-925   | loss: 6.406 | avg time: 0.182 | max memory: 31228.685 | seq len:       7048
step-926   | loss: 6.312 | avg time: 0.182 | max memory: 31228.685 | seq len:       7047
step-927   | loss: 6.812 | avg time: 0.182 | max memory: 31228.685 | seq len:       7045
step-928   | loss: 5.438 | avg time: 0.182 | max memory: 31228.685 | seq len:       7046
step-929   | loss: 6.250 | avg time: 0.182 | max memory: 31228.685 | seq len:       7045
step-930   | loss: 5.938 | avg time: 0.182 | max memory: 31228.685 | seq len:       7044
step-931   | loss: 6.219 | avg time: 0.182 | max memory: 31228.685 | seq len:       7043
step-932   | loss: 5.875 | avg time: 0.182 | max memory: 31228.685 | seq len:       7043
step-933   | loss: 7.156 | avg time: 0.182 | max memory: 31228.685 | seq len:       7041
step-934   | loss: 6.562 | avg time: 0.182 | max memory: 31228.685 | seq len:       7039
step-935   | loss: 5.000 | avg time: 0.182 | max memory: 31228.685 | seq len:       7039
step-936   | loss: 6.094 | avg time: 0.182 | max memory: 31228.685 | seq len:       7039
step-937   | loss: 5.281 | avg time: 0.182 | max memory: 31228.685 | seq len:       7039
step-938   | loss: 6.219 | avg time: 0.182 | max memory: 31228.685 | seq len:       7040
step-939   | loss: 6.375 | avg time: 0.182 | max memory: 31228.685 | seq len:       7039
step-940   | loss: 6.750 | avg time: 0.182 | max memory: 31228.685 | seq len:       7038
step-941   | loss: 5.938 | avg time: 0.182 | max memory: 31228.685 | seq len:       7037
step-942   | loss: 5.375 | avg time: 0.182 | max memory: 31228.685 | seq len:       7039
step-943   | loss: 6.156 | avg time: 0.182 | max memory: 31228.685 | seq len:       7039
step-944   | loss: 6.000 | avg time: 0.182 | max memory: 31228.685 | seq len:       7039
step-945   | loss: 6.125 | avg time: 0.182 | max memory: 31228.685 | seq len:       7040
step-946   | loss: 6.656 | avg time: 0.182 | max memory: 31228.685 | seq len:       7039
step-947   | loss: 6.719 | avg time: 0.182 | max memory: 31228.685 | seq len:       7038
step-948   | loss: 6.094 | avg time: 0.182 | max memory: 31228.685 | seq len:       7037
step-949   | loss: 6.531 | avg time: 0.182 | max memory: 31228.685 | seq len:       7036
step-950   | loss: 5.875 | avg time: 0.182 | max memory: 31228.685 | seq len:       7036
step-951   | loss: 5.875 | avg time: 0.182 | max memory: 31228.685 | seq len:       7036
step-952   | loss: 5.500 | avg time: 0.182 | max memory: 31228.685 | seq len:       7039
step-953   | loss: 8.062 | avg time: 0.182 | max memory: 31228.685 | seq len:       7033
step-954   | loss: 5.500 | avg time: 0.182 | max memory: 31228.685 | seq len:       7035
step-955   | loss: 6.406 | avg time: 0.182 | max memory: 31228.685 | seq len:       7032
step-956   | loss: 7.500 | avg time: 0.182 | max memory: 31228.685 | seq len:       7028
step-957   | loss: 6.688 | avg time: 0.182 | max memory: 31228.685 | seq len:       7027
step-958   | loss: 5.344 | avg time: 0.182 | max memory: 31228.685 | seq len:       7029
step-959   | loss: 6.188 | avg time: 0.182 | max memory: 31228.685 | seq len:       7028
step-960   | loss: 7.188 | avg time: 0.182 | max memory: 31228.685 | seq len:       7027
step-961   | loss: 6.844 | avg time: 0.182 | max memory: 31228.685 | seq len:       7025
step-962   | loss: 6.125 | avg time: 0.182 | max memory: 31228.685 | seq len:       7024
step-963   | loss: 6.000 | avg time: 0.182 | max memory: 31228.685 | seq len:       7023
step-964   | loss: 5.688 | avg time: 0.182 | max memory: 31228.685 | seq len:       7024
step-965   | loss: 6.375 | avg time: 0.182 | max memory: 31228.685 | seq len:       7023
step-966   | loss: 6.031 | avg time: 0.182 | max memory: 31228.685 | seq len:       7020
step-967   | loss: 5.750 | avg time: 0.182 | max memory: 31228.685 | seq len:       7023
step-968   | loss: 6.188 | avg time: 0.182 | max memory: 31228.685 | seq len:       7021
step-969   | loss: 6.688 | avg time: 0.182 | max memory: 31228.685 | seq len:       7020
step-970   | loss: 5.688 | avg time: 0.182 | max memory: 31228.685 | seq len:       7020
step-971   | loss: 4.875 | avg time: 0.182 | max memory: 31228.685 | seq len:       7023
step-972   | loss: 5.188 | avg time: 0.182 | max memory: 31228.685 | seq len:       7024
step-973   | loss: 5.312 | avg time: 0.182 | max memory: 31228.685 | seq len:       7026
step-974   | loss: 6.000 | avg time: 0.182 | max memory: 31228.685 | seq len:       7026
step-975   | loss: 6.938 | avg time: 0.182 | max memory: 31228.685 | seq len:       7024
step-976   | loss: 6.031 | avg time: 0.182 | max memory: 31228.685 | seq len:       7025
step-977   | loss: 5.781 | avg time: 0.182 | max memory: 31228.685 | seq len:       7025
step-978   | loss: 5.750 | avg time: 0.182 | max memory: 31228.685 | seq len:       7025
step-979   | loss: 5.219 | avg time: 0.182 | max memory: 31228.685 | seq len:       7028
step-980   | loss: 5.406 | avg time: 0.182 | max memory: 31228.685 | seq len:       7028
step-981   | loss: 5.719 | avg time: 0.182 | max memory: 31228.685 | seq len:       7029
step-982   | loss: 6.094 | avg time: 0.182 | max memory: 31228.685 | seq len:       7023
step-983   | loss: 5.375 | avg time: 0.182 | max memory: 31228.685 | seq len:       7024
step-984   | loss: 6.969 | avg time: 0.182 | max memory: 31228.685 | seq len:       7022
step-985   | loss: 5.125 | avg time: 0.182 | max memory: 31228.685 | seq len:       7025
step-986   | loss: 5.219 | avg time: 0.182 | max memory: 31228.685 | seq len:       7026
step-987   | loss: 5.344 | avg time: 0.182 | max memory: 31228.685 | seq len:       7027
step-988   | loss: 5.500 | avg time: 0.182 | max memory: 31228.685 | seq len:       7028
step-989   | loss: 5.406 | avg time: 0.182 | max memory: 31228.685 | seq len:       7029
step-990   | loss: 5.250 | avg time: 0.182 | max memory: 31228.685 | seq len:       7029
step-991   | loss: 5.938 | avg time: 0.182 | max memory: 31228.685 | seq len:       7028
step-992   | loss: 6.500 | avg time: 0.182 | max memory: 31228.685 | seq len:       7026
step-993   | loss: 6.094 | avg time: 0.182 | max memory: 31228.685 | seq len:       7026
step-994   | loss: 5.969 | avg time: 0.182 | max memory: 31228.685 | seq len:       7025
step-995   | loss: 6.562 | avg time: 0.182 | max memory: 31228.685 | seq len:       7024
step-996   | loss: 6.500 | avg time: 0.182 | max memory: 31228.685 | seq len:       7023
step-997   | loss: 6.531 | avg time: 0.182 | max memory: 31228.685 | seq len:       7021
step-998   | loss: 5.750 | avg time: 0.182 | max memory: 31228.685 | seq len:       7021
step-999   | loss: 5.438 | avg time: 0.182 | max memory: 31228.685 | seq len:       7022
step-1000  | loss: 5.375 | avg time: 0.182 | max memory: 31228.685 | seq len:       7024
[1.171875, 1.5546875, 1.5859375, 8.125, 7.84375, 40.0, 50.5, 11.75, 12.9375, 22.125, 14.625, 16.75, 17.5, 21.375, 14.6875, 18.375, 16.875, 14.1875, 10.75, 13.125, 12.375, 10.875, 10.6875, 11.8125, 11.25, 10.125, 10.875, 10.625, 10.25, 11.3125, 9.8125, 9.9375, 8.9375, 9.625, 9.9375, 9.625, 8.875, 10.0, 9.0, 8.9375, 9.125, 8.9375, 9.25, 10.5, 9.625, 8.875, 9.25, 10.0, 8.6875, 8.9375, 8.625, 8.75, 9.1875, 8.8125, 8.8125, 9.1875, 8.625, 8.875, 9.375, 8.5625, 8.125, 8.4375, 7.96875, 8.75, 8.8125, 8.1875, 8.25, 8.8125, 8.0625, 8.125, 7.5625, 7.9375, 8.4375, 7.84375, 8.125, 8.5, 8.875, 8.5, 8.9375, 7.65625, 7.71875, 8.6875, 8.0625, 8.0, 8.5625, 8.625, 10.3125, 8.6875, 8.9375, 8.25, 8.5625, 8.25, 8.125, 8.3125, 8.25, 8.375, 8.3125, 8.3125, 7.9375, 7.65625, 7.65625, 8.875, 7.53125, 7.875, 8.3125, 7.46875, 8.125, 7.15625, 7.25, 7.75, 7.71875, 7.9375, 6.84375, 8.9375, 7.25, 7.15625, 7.1875, 7.96875, 7.6875, 7.1875, 7.5, 7.625, 8.1875, 7.875, 7.1875, 8.1875, 7.40625, 8.1875, 7.75, 8.4375, 8.0625, 7.15625, 7.40625, 7.34375, 8.0625, 7.3125, 7.3125, 7.15625, 7.21875, 8.5, 7.5625, 7.15625, 8.0625, 7.40625, 8.0625, 7.78125, 7.8125, 7.40625, 8.75, 7.875, 7.8125, 7.78125, 8.25, 7.59375, 8.0, 8.25, 7.25, 7.34375, 7.5625, 7.0, 8.125, 7.5, 8.3125, 7.46875, 7.34375, 7.34375, 7.71875, 8.4375, 7.84375, 8.4375, 7.8125, 7.71875, 9.8125, 7.3125, 7.65625, 7.96875, 7.53125, 7.96875, 7.84375, 7.875, 7.5, 6.71875, 8.0625, 7.9375, 7.21875, 8.0, 7.65625, 7.0625, 8.1875, 8.375, 8.375, 7.5625, 7.21875, 8.1875, 7.71875, 8.5, 7.5625, 6.6875, 7.5625, 7.4375, 7.46875, 7.59375, 7.375, 7.65625, 8.125, 7.34375, 7.21875, 7.25, 8.0, 7.84375, 7.875, 7.8125, 7.90625, 7.71875, 7.0625, 7.5625, 7.40625, 7.40625, 7.4375, 7.09375, 7.65625, 7.40625, 8.4375, 7.84375, 7.78125, 8.125, 7.8125, 7.875, 7.15625, 7.46875, 8.5, 7.75, 7.59375, 8.1875, 7.46875, 8.125, 7.34375, 7.125, 7.1875, 7.84375, 6.8125, 6.96875, 6.53125, 7.71875, 7.84375, 7.9375, 7.6875, 7.6875, 7.40625, 7.875, 8.25, 7.59375, 7.8125, 7.71875, 6.78125, 7.9375, 7.46875, 8.0625, 7.34375, 7.78125, 6.90625, 7.84375, 7.75, 7.0625, 7.3125, 7.0, 7.65625, 6.8125, 8.375, 8.5, 7.8125, 7.21875, 7.34375, 7.53125, 7.3125, 6.9375, 6.90625, 8.125, 7.46875, 6.96875, 7.03125, 7.625, 7.03125, 6.9375, 7.28125, 7.59375, 7.03125, 8.3125, 7.1875, 8.1875, 7.34375, 7.25, 8.3125, 7.4375, 7.15625, 7.21875, 6.90625, 7.0625, 7.5, 7.90625, 7.46875, 8.125, 8.4375, 7.40625, 7.0, 7.65625, 7.8125, 7.53125, 7.3125, 8.8125, 7.78125, 7.6875, 6.96875, 7.6875, 8.25, 8.125, 7.96875, 7.78125, 7.875, 7.875, 7.71875, 7.71875, 7.3125, 7.0, 7.625, 7.6875, 7.71875, 7.8125, 7.375, 7.40625, 7.375, 7.0625, 7.5625, 7.96875, 7.28125, 7.6875, 7.84375, 7.0625, 7.1875, 8.0625, 8.3125, 7.9375, 6.875, 7.4375, 7.28125, 7.21875, 7.53125, 7.28125, 7.375, 7.40625, 7.5625, 7.3125, 8.0625, 7.875, 7.21875, 7.1875, 6.8125, 7.6875, 7.3125, 7.65625, 7.0, 6.90625, 7.625, 7.78125, 7.75, 7.0, 8.5, 7.5, 8.0, 7.78125, 7.625, 8.375, 7.4375, 7.71875, 7.78125, 7.28125, 8.125, 7.40625, 7.1875, 7.90625, 7.15625, 6.71875, 7.875, 6.46875, 8.0625, 7.40625, 7.9375, 8.4375, 7.03125, 7.46875, 7.0, 6.90625, 7.09375, 7.4375, 6.78125, 7.75, 7.0, 7.53125, 7.3125, 7.90625, 7.875, 7.125, 7.5, 7.21875, 7.4375, 7.40625, 7.34375, 7.21875, 7.53125, 8.1875, 6.90625, 6.65625, 8.0, 7.03125, 6.9375, 8.3125, 8.3125, 8.0625, 7.125, 7.25, 7.59375, 7.5, 7.375, 7.4375, 6.875, 7.875, 7.5, 7.125, 7.875, 7.75, 7.0625, 6.875, 7.03125, 7.15625, 7.4375, 7.1875, 7.34375, 8.0625, 6.09375, 6.5625, 7.75, 6.5, 6.8125, 7.84375, 7.78125, 7.375, 6.8125, 7.15625, 7.15625, 7.46875, 6.78125, 7.03125, 7.78125, 6.90625, 7.0625, 6.625, 6.65625, 6.625, 6.625, 6.71875, 6.9375, 6.34375, 6.84375, 7.25, 7.0625, 6.625, 6.71875, 7.90625, 7.09375, 6.71875, 6.78125, 6.34375, 6.875, 6.96875, 7.0625, 6.96875, 7.5625, 7.4375, 6.6875, 6.625, 7.46875, 7.03125, 6.1875, 6.90625, 6.65625, 6.8125, 6.5625, 7.34375, 7.46875, 6.84375, 6.4375, 6.65625, 7.0, 7.5625, 6.6875, 6.46875, 7.15625, 6.9375, 7.25, 6.40625, 5.96875, 7.03125, 7.46875, 6.4375, 6.625, 7.125, 6.75, 7.0625, 6.5, 6.375, 6.34375, 6.90625, 6.53125, 6.84375, 7.03125, 7.84375, 6.125, 6.65625, 7.375, 6.625, 7.15625, 6.0625, 6.34375, 6.5, 7.15625, 7.59375, 7.59375, 6.90625, 6.6875, 6.21875, 6.46875, 7.09375, 6.625, 6.28125, 6.53125, 6.53125, 6.71875, 6.3125, 6.15625, 5.96875, 6.9375, 7.21875, 5.90625, 7.28125, 6.4375, 6.125, 7.40625, 7.15625, 6.53125, 7.625, 5.8125, 6.34375, 7.125, 6.1875, 6.9375, 7.4375, 6.40625, 6.1875, 7.0, 6.34375, 6.65625, 6.90625, 6.0625, 6.96875, 6.125, 6.5625, 6.15625, 7.53125, 6.375, 6.03125, 6.21875, 7.15625, 6.96875, 5.84375, 6.53125, 6.28125, 5.90625, 5.625, 7.21875, 6.1875, 5.40625, 6.71875, 7.25, 5.96875, 5.75, 6.5625, 6.53125, 7.9375, 6.875, 6.28125, 6.15625, 6.34375, 7.375, 6.21875, 5.4375, 6.65625, 6.34375, 6.25, 5.96875, 6.5, 6.5, 6.5, 7.46875, 5.84375, 6.3125, 6.71875, 6.25, 5.625, 6.34375, 6.46875, 6.46875, 6.25, 6.0, 6.71875, 6.6875, 6.46875, 5.6875, 5.875, 7.09375, 7.125, 6.40625, 6.40625, 6.9375, 6.125, 7.0625, 7.6875, 10.125, 6.625, 6.8125, 5.75, 6.34375, 6.03125, 6.53125, 7.0, 6.8125, 5.6875, 6.875, 6.4375, 7.65625, 5.6875, 6.5, 6.3125, 6.46875, 5.5625, 6.03125, 6.65625, 5.4375, 5.71875, 5.78125, 5.9375, 6.125, 6.6875, 7.0, 7.09375, 6.125, 6.8125, 6.21875, 5.875, 5.9375, 5.875, 6.96875, 6.25, 7.09375, 5.84375, 5.65625, 5.9375, 6.375, 6.78125, 6.6875, 6.84375, 5.6875, 6.8125, 6.625, 6.96875, 6.15625, 7.15625, 6.5, 5.875, 5.90625, 6.4375, 5.6875, 6.09375, 5.625, 5.4375, 5.34375, 6.34375, 7.1875, 6.375, 6.46875, 6.03125, 6.4375, 6.96875, 6.3125, 6.09375, 5.5, 6.34375, 4.96875, 5.84375, 5.84375, 6.65625, 6.375, 5.5, 6.25, 5.59375, 6.4375, 5.78125, 6.0625, 6.84375, 6.4375, 6.0625, 6.6875, 6.03125, 5.84375, 7.0, 6.625, 5.96875, 6.4375, 5.65625, 6.34375, 7.34375, 5.71875, 5.59375, 6.65625, 6.59375, 6.0625, 5.59375, 5.96875, 6.25, 6.0, 5.71875, 5.25, 6.0625, 5.46875, 5.71875, 6.0, 5.9375, 5.40625, 6.71875, 5.5, 6.25, 5.875, 6.4375, 5.75, 6.78125, 5.84375, 6.9375, 5.84375, 6.0, 5.375, 5.59375, 6.4375, 6.15625, 5.75, 6.40625, 5.53125, 5.875, 6.6875, 6.09375, 8.5625, 7.09375, 6.8125, 5.375, 6.34375, 7.21875, 6.90625, 7.65625, 6.21875, 6.21875, 4.96875, 6.5, 6.09375, 5.625, 5.59375, 5.9375, 6.34375, 5.53125, 6.1875, 6.3125, 6.40625, 5.84375, 5.5625, 5.53125, 6.59375, 5.9375, 5.53125, 5.75, 5.65625, 5.8125, 5.125, 6.625, 5.25, 5.78125, 5.375, 5.71875, 5.34375, 6.84375, 6.25, 5.21875, 6.3125, 6.84375, 6.53125, 6.28125, 5.5, 6.09375, 5.78125, 7.375, 6.3125, 6.6875, 5.65625, 5.40625, 6.25, 5.90625, 5.6875, 6.5, 6.8125, 7.0625, 5.59375, 5.46875, 5.84375, 5.40625, 5.4375, 4.875, 5.1875, 5.8125, 5.625, 6.40625, 5.90625, 5.40625, 5.1875, 6.625, 4.875, 6.5625, 6.34375, 6.15625, 5.9375, 6.5, 5.09375, 5.46875, 5.34375, 6.125, 7.28125, 5.71875, 5.21875, 5.40625, 5.21875, 6.25, 6.15625, 5.6875, 6.375, 6.46875, 5.53125, 6.59375, 5.71875, 6.21875, 5.125, 6.875, 5.46875, 6.1875, 6.125, 5.96875, 5.125, 5.21875, 6.375, 5.65625, 5.46875, 5.375, 6.59375, 6.8125, 5.1875, 5.5625, 7.34375, 5.0, 5.78125, 5.625, 6.4375, 6.84375, 5.5625, 5.15625, 6.78125, 5.03125, 5.625, 6.625, 4.75, 5.75, 6.96875, 6.53125, 5.96875, 5.40625, 5.59375, 6.15625, 5.75, 5.84375, 6.9375, 5.4375, 4.75, 6.53125, 5.8125, 5.15625, 5.5, 7.09375, 4.78125, 7.15625, 6.21875, 5.59375, 6.75, 6.40625, 5.84375, 6.4375, 5.25, 5.875, 5.3125, 5.28125, 5.0, 5.53125, 5.9375, 5.15625, 5.90625, 6.0625, 5.90625, 5.4375, 5.3125, 6.46875, 6.09375, 5.4375, 6.40625, 6.3125, 6.8125, 5.4375, 6.25, 5.9375, 6.21875, 5.875, 7.15625, 6.5625, 5.0, 6.09375, 5.28125, 6.21875, 6.375, 6.75, 5.9375, 5.375, 6.15625, 6.0, 6.125, 6.65625, 6.71875, 6.09375, 6.53125, 5.875, 5.875, 5.5, 8.0625, 5.5, 6.40625, 7.5, 6.6875, 5.34375, 6.1875, 7.1875, 6.84375, 6.125, 6.0, 5.6875, 6.375, 6.03125, 5.75, 6.1875, 6.6875, 5.6875, 4.875, 5.1875, 5.3125, 6.0, 6.9375, 6.03125, 5.78125, 5.75, 5.21875, 5.40625, 5.71875, 6.09375, 5.375, 6.96875, 5.125, 5.21875, 5.34375, 5.5, 5.40625, 5.25, 5.9375, 6.5, 6.09375, 5.96875, 6.5625, 6.5, 6.53125, 5.75, 5.4375, 5.375]
