nohup: ignoring input
phoenix-srun: job 4931559 queued and waiting for resources
phoenix-srun: job 4931559 has been allocated resources
phoenix-srun: Job 4931559 scheduled successfully!
Current QUOTA_TYPE is [reserved], which means the job has occupied quota in RESERVED_TOTAL under your partition.
Current PHX_PRIORITY is normal

Loading checkpoint shards:   0%|          | 0/4 [00:00<?, ?it/s]Loading checkpoint shards:  50%|█████     | 2/4 [00:00<00:00, 12.92it/s]Loading checkpoint shards: 100%|██████████| 4/4 [00:00<00:00, 15.11it/s]Loading checkpoint shards: 100%|██████████| 4/4 [00:00<00:00, 14.72it/s]
======================================== Config ========================================
lora: 
    enable: false,
    r: 8,
    a: 16,
    dropout: 0
========================================================================================
[33mcorpus: [39;49;00m[32m[Kdata/slimpajama/arxiv.json:	1000/1000[39;49;00m
[33mBase GPU memory allocated:[39;49;00m[32m15316 MB[39;49;00m
/mnt/petrelfs/lijie/miniconda3/envs/llava/lib/python3.10/site-packages/torch/nn/_reduction.py:42: UserWarning: size_average and reduce args will be deprecated, please use reduction='none' instead.
  warnings.warn(warning.format(ret))
[rank0]: Traceback (most recent call last):
[rank0]:   File "/mnt/petrelfs/lijie/seco/draw_curve/seco.py", line 159, in <module>
[rank0]:     model(**inputs)
[rank0]:   File "/mnt/petrelfs/lijie/miniconda3/envs/llava/lib/python3.10/site-packages/torch/nn/modules/module.py", line 1532, in _wrapped_call_impl
[rank0]:     return self._call_impl(*args, **kwargs)
[rank0]:   File "/mnt/petrelfs/lijie/miniconda3/envs/llava/lib/python3.10/site-packages/torch/nn/modules/module.py", line 1541, in _call_impl
[rank0]:     return forward_call(*args, **kwargs)
[rank0]:   File "/mnt/petrelfs/lijie/seco/chunkoptim/modifiers/train.py", line 193, in forward
[rank0]:     logits = self.model(input_ids=input_ids, kv_cache=kv_cache).to(input_ids.device)
[rank0]:   File "/mnt/petrelfs/lijie/miniconda3/envs/llava/lib/python3.10/site-packages/torch/nn/modules/module.py", line 1532, in _wrapped_call_impl
[rank0]:     return self._call_impl(*args, **kwargs)
[rank0]:   File "/mnt/petrelfs/lijie/miniconda3/envs/llava/lib/python3.10/site-packages/torch/nn/modules/module.py", line 1541, in _call_impl
[rank0]:     return forward_call(*args, **kwargs)
[rank0]:   File "/mnt/petrelfs/lijie/seco/chunkoptim/modifiers/train.py", line 24, in model_forward
[rank0]:     hidden_states = self.model(input_ids, kv_cache)
[rank0]:   File "/mnt/petrelfs/lijie/miniconda3/envs/llava/lib/python3.10/site-packages/torch/nn/modules/module.py", line 1532, in _wrapped_call_impl
[rank0]:     return self._call_impl(*args, **kwargs)
[rank0]:   File "/mnt/petrelfs/lijie/miniconda3/envs/llava/lib/python3.10/site-packages/torch/nn/modules/module.py", line 1541, in _call_impl
[rank0]:     return forward_call(*args, **kwargs)
[rank0]:   File "/mnt/petrelfs/lijie/seco/chunkoptim/modifiers/train.py", line 35, in model_model_forward
[rank0]:     hidden_states = layer(hidden_states, kv_cache)
[rank0]:   File "/mnt/petrelfs/lijie/miniconda3/envs/llava/lib/python3.10/site-packages/torch/nn/modules/module.py", line 1532, in _wrapped_call_impl
[rank0]:     return self._call_impl(*args, **kwargs)
[rank0]:   File "/mnt/petrelfs/lijie/miniconda3/envs/llava/lib/python3.10/site-packages/torch/nn/modules/module.py", line 1541, in _call_impl
[rank0]:     return forward_call(*args, **kwargs)
[rank0]:   File "/mnt/petrelfs/lijie/seco/chunkoptim/modifiers/train.py", line 45, in layer_forward
[rank0]:     hidden_states = self.self_attn(hidden_states, kv_cache)
[rank0]:   File "/mnt/petrelfs/lijie/miniconda3/envs/llava/lib/python3.10/site-packages/torch/nn/modules/module.py", line 1532, in _wrapped_call_impl
[rank0]:     return self._call_impl(*args, **kwargs)
[rank0]:   File "/mnt/petrelfs/lijie/miniconda3/envs/llava/lib/python3.10/site-packages/torch/nn/modules/module.py", line 1541, in _call_impl
[rank0]:     return forward_call(*args, **kwargs)
[rank0]:   File "/mnt/petrelfs/lijie/seco/chunkoptim/modifiers/train.py", line 125, in self_attn_forward
[rank0]:     attn_output = flash_attn_func(
[rank0]:   File "/mnt/petrelfs/lijie/miniconda3/envs/llava/lib/python3.10/site-packages/torch/autograd/function.py", line 598, in apply
[rank0]:     return super().apply(*args, **kwargs)  # type: ignore[misc]
[rank0]:   File "/mnt/petrelfs/lijie/seco/chunkoptim/sparse_attn.py", line 114, in forward
[rank0]:     out, _, _, _, _, _, _, _ = _flash_attn_forward(
[rank0]:   File "/mnt/petrelfs/lijie/miniconda3/envs/llava/lib/python3.10/site-packages/flash_attn/flash_attn_interface.py", line 51, in _flash_attn_forward
[rank0]:     out, q, k, v, out_padded, softmax_lse, S_dmask, rng_state = flash_attn_cuda.fwd(
[rank0]: RuntimeError: Number of heads in key/value must divide number of heads in query
E0419 14:40:22.871000 139747333764928 torch/distributed/elastic/multiprocessing/api.py:826] failed (exitcode: 1) local_rank: 0 (pid: 54850) of binary: /mnt/petrelfs/lijie/miniconda3/envs/llava/bin/python3
Traceback (most recent call last):
  File "/mnt/petrelfs/lijie/miniconda3/envs/llava/bin/torchrun", line 10, in <module>
    sys.exit(main())
  File "/mnt/petrelfs/lijie/miniconda3/envs/llava/lib/python3.10/site-packages/torch/distributed/elastic/multiprocessing/errors/__init__.py", line 347, in wrapper
    return f(*args, **kwargs)
  File "/mnt/petrelfs/lijie/miniconda3/envs/llava/lib/python3.10/site-packages/torch/distributed/run.py", line 879, in main
    run(args)
  File "/mnt/petrelfs/lijie/miniconda3/envs/llava/lib/python3.10/site-packages/torch/distributed/run.py", line 870, in run
    elastic_launch(
  File "/mnt/petrelfs/lijie/miniconda3/envs/llava/lib/python3.10/site-packages/torch/distributed/launcher/api.py", line 132, in __call__
    return launch_agent(self._config, self._entrypoint, list(args))
  File "/mnt/petrelfs/lijie/miniconda3/envs/llava/lib/python3.10/site-packages/torch/distributed/launcher/api.py", line 263, in launch_agent
    raise ChildFailedError(
torch.distributed.elastic.multiprocessing.errors.ChildFailedError: 
============================================================
draw_curve/seco.py FAILED
------------------------------------------------------------
Failures:
  <NO_OTHER_FAILURES>
------------------------------------------------------------
Root Cause (first observed failure):
[0]:
  time      : 2025-04-19_14:40:22
  host      : SH-IDCA1404-10-140-54-114
  rank      : 0 (local_rank: 0)
  exitcode  : 1 (pid: 54850)
  error_file: <N/A>
  traceback : To enable traceback see: https://pytorch.org/docs/stable/elastic/errors.html
============================================================
phoenix-srun: error: SH-IDCA1404-10-140-54-114: task 0: Exited with exit code 1
phoenix-srun: launch/slurm: _step_signal: Terminating StepId=4931559.0
